****************************************
Report : Averaged Power
Design : Rocket/alu (ALU)
Version: T-2022.03-SP3
Date   : Tue May 20 12:22:44 2025
****************************************



  Attributes
  ----------
      i  -  Including register clock pin internal power
      u  -  User defined power group

                        Internal  Switching  Leakage    Total
Power Group             Power     Power      Power      Power   (     %)  Attrs
--------------------------------------------------------------------------------
clock_network              0.0000    0.0000    0.0000    0.0000 ( 0.00%)  i
register                   0.0000    0.0000    0.0000    0.0000 ( 0.00%)  
combinational           2.665e-04 1.814e-04 4.149e-05 4.893e-04 (100.00%) 
sequential                 0.0000    0.0000    0.0000    0.0000 ( 0.00%)  
memory                     0.0000    0.0000    0.0000    0.0000 ( 0.00%)  
io_pad                     0.0000    0.0000    0.0000    0.0000 ( 0.00%)  
black_box                  0.0000    0.0000    0.0000    0.0000 ( 0.00%)  

  Net Switching Power  = 1.814e-04   (37.06%)
  Cell Internal Power  = 2.665e-04   (54.46%)
  Cell Leakage Power   = 4.149e-05   ( 8.48%)
                         ---------
Total Power            = 4.893e-04  (100.00%)

1
