****************************************
Report : Averaged Power
Design : Rocket/ibuf (IBuf)
Version: T-2022.03-SP3
Date   : Tue May 20 12:22:44 2025
****************************************



  Attributes
  ----------
      i  -  Including register clock pin internal power
      u  -  User defined power group

                        Internal  Switching  Leakage    Total
Power Group             Power     Power      Power      Power   (     %)  Attrs
--------------------------------------------------------------------------------
clock_network           3.818e-04    0.0000    0.0000 3.818e-04 (13.14%)  i
register                3.441e-05 1.386e-05 4.033e-06 5.230e-05 ( 1.80%)  
combinational           7.869e-04 1.647e-03 3.862e-05 2.472e-03 (85.06%)  
sequential                 0.0000    0.0000    0.0000    0.0000 ( 0.00%)  
memory                     0.0000    0.0000    0.0000    0.0000 ( 0.00%)  
io_pad                     0.0000    0.0000    0.0000    0.0000 ( 0.00%)  
black_box                  0.0000    0.0000    0.0000    0.0000 ( 0.00%)  

  Net Switching Power  = 1.660e-03   (57.13%)
  Cell Internal Power  = 1.203e-03   (41.40%)
  Cell Leakage Power   = 4.265e-05   ( 1.47%)
                         ---------
Total Power            = 2.906e-03  (100.00%)

1
