****************************************
Report : Averaged Power
Design : Rocket/POWERGATING_clock_mem_pc_valid_0 (POWERMODULE_HIGH_Rocket_0_23)
Version: T-2022.03-SP3
Date   : Thu May 29 16:13:26 2025
****************************************



  Attributes
  ----------
      i  -  Including register clock pin internal power
      u  -  User defined power group

                        Internal  Switching  Leakage    Total
Power Group             Power     Power      Power      Power   (     %)  Attrs
--------------------------------------------------------------------------------
clock_network           5.433e-05 3.528e-06 2.022e-07 5.806e-05 (100.00%) i
register                   0.0000    0.0000    0.0000    0.0000 ( 0.00%)  
combinational              0.0000    0.0000    0.0000    0.0000 ( 0.00%)  
sequential                 0.0000    0.0000    0.0000    0.0000 ( 0.00%)  
memory                     0.0000    0.0000    0.0000    0.0000 ( 0.00%)  
io_pad                     0.0000    0.0000    0.0000    0.0000 ( 0.00%)  
black_box                  0.0000    0.0000    0.0000    0.0000 ( 0.00%)  

  Net Switching Power  = 3.528e-06   ( 6.08%)
  Cell Internal Power  = 5.433e-05   (93.57%)
  Cell Leakage Power   = 2.022e-07   ( 0.35%)
                         ---------
Total Power            = 5.806e-05  (100.00%)

1
