Information: Running switching activity propagation with 8 threads!
Information: Running averaged power analysis... (PWR-601)
Information: Running power calculation with 8 threads. (PWR-602)
****************************************
Report : Averaged Power
	-hierarchy
	-levels 1
	-nosplit
Design : Rocket
Version: T-2022.03-SP3
Date   : Tue May 20 11:35:12 2025
****************************************



                                      Int      Switch   Leak     Total
Hierarchy                             Power    Power    Power    Power    %
----------------------------------------------------------------------------------
Rocket                                3.89e-02 5.74e-03 9.57e-04 4.56e-02 100.0
  alu (ALU)                           2.28e-04 1.57e-04 3.90e-05 4.24e-04   0.9
  ibuf (IBuf)                         1.08e-03 1.66e-03 3.32e-05 2.78e-03   6.1
  bpu (BreakpointUnit)                9.07e-05 5.34e-05 1.42e-05 1.58e-04   0.3
  csr (CSRFile)                       9.28e-03 2.27e-04 1.93e-04 9.70e-03  21.3
  div (MulDiv)                        1.45e-03 2.96e-06 2.38e-04 1.69e-03   3.7
1
