****************************************
Report : Averaged Power
	-cell_power
	-sort_by cell_internal_power
	-nosplit
	-area
Design : Rocket/POWERGATING_clock_mem_pc_valid_0 (POWERMODULE_HIGH_Rocket_0_23)
Version: T-2022.03-SP3
Date   : Thu May 29 16:13:47 2025
****************************************



  Attributes
  ----------
      a  -  Annotated internal | leakage | switching power 
      b  -  Black-box (unresolved) cell
      c  -  Clock pin internal power only
      d  -  Does not include clock pin internal power
      h  -  Hierarchical cell

                        Lib Cell                      Internal  Switching Leakage   Total
Cell                    Name                          Power     Power     Power     Power    (     %)      Area   Attrs
------------------------------------------------------------------------------------------------------------------------
latch                   CLKGATETST_X1                 1.897e-05 8.027e-05 5.438e-08 9.930e-05 (100.00%)    3.9900 
------------------------------------------------------------------------------------------------------------------------
Totals (1 cell)                                       1.897e-05 8.027e-05 5.438e-08 9.930e-05 (100.0%)     3.9900
1
