****************************************
Report : Averaged Power
Design : Rocket/POWERGATING_clock_n12112_0 (POWERMODULE_HIGH_Rocket_0_5)
Version: T-2022.03-SP3
Date   : Thu May 29 16:13:47 2025
****************************************



  Attributes
  ----------
      i  -  Including register clock pin internal power
      u  -  User defined power group

                        Internal  Switching  Leakage    Total
Power Group             Power     Power      Power      Power   (     %)  Attrs
--------------------------------------------------------------------------------
clock_network           2.064e-05 6.605e-05 5.612e-08 8.675e-05 (100.00%) i
register                   0.0000    0.0000    0.0000    0.0000 ( 0.00%)  
combinational              0.0000    0.0000    0.0000    0.0000 ( 0.00%)  
sequential                 0.0000    0.0000    0.0000    0.0000 ( 0.00%)  
memory                     0.0000    0.0000    0.0000    0.0000 ( 0.00%)  
io_pad                     0.0000    0.0000    0.0000    0.0000 ( 0.00%)  
black_box                  0.0000    0.0000    0.0000    0.0000 ( 0.00%)  

  Net Switching Power  = 6.605e-05   (76.14%)
  Cell Internal Power  = 2.064e-05   (23.80%)
  Cell Leakage Power   = 5.612e-08   ( 0.06%)
                         ---------
Total Power            = 8.675e-05  (100.00%)

1
