****************************************
Report : Averaged Power
Design : Rocket/alu (ALU)
Version: T-2022.03-SP3
Date   : Tue May 20 02:38:53 2025
****************************************



  Attributes
  ----------
      i  -  Including register clock pin internal power
      u  -  User defined power group

                        Internal  Switching  Leakage    Total
Power Group             Power     Power      Power      Power   (     %)  Attrs
--------------------------------------------------------------------------------
clock_network              0.0000    0.0000    0.0000    0.0000 ( 0.00%)  i
register                   0.0000    0.0000    0.0000    0.0000 ( 0.00%)  
combinational           3.256e-04 2.286e-04 5.078e-05 6.050e-04 (100.00%) 
sequential                 0.0000    0.0000    0.0000    0.0000 ( 0.00%)  
memory                     0.0000    0.0000    0.0000    0.0000 ( 0.00%)  
io_pad                     0.0000    0.0000    0.0000    0.0000 ( 0.00%)  
black_box                  0.0000    0.0000    0.0000    0.0000 ( 0.00%)  

  Net Switching Power  = 2.286e-04   (37.78%)
  Cell Internal Power  = 3.256e-04   (53.82%)
  Cell Leakage Power   = 5.078e-05   ( 8.39%)
                         ---------
Total Power            = 6.050e-04  (100.00%)

1
