****************************************
Report : Averaged Power
Design : Rocket
Version: T-2022.03-SP3
Date   : Tue May 20 02:38:52 2025
****************************************



  Attributes
  ----------
      i  -  Including register clock pin internal power
      u  -  User defined power group

                        Internal  Switching  Leakage    Total
Power Group             Power     Power      Power      Power   (     %)  Attrs
--------------------------------------------------------------------------------
clock_network              0.0252    0.0000    0.0000    0.0252 (49.04%)  i
register                4.307e-04 1.719e-04 1.894e-04 7.920e-04 ( 1.54%)  
combinational              0.0172 7.148e-03 1.053e-03    0.0254 (49.42%)  
sequential                 0.0000    0.0000    0.0000    0.0000 ( 0.00%)  
memory                     0.0000    0.0000    0.0000    0.0000 ( 0.00%)  
io_pad                     0.0000    0.0000    0.0000    0.0000 ( 0.00%)  
black_box                  0.0000    0.0000    0.0000    0.0000 ( 0.00%)  

  Net Switching Power  = 7.320e-03   (14.22%)
  Cell Internal Power  =    0.0429   (83.36%)
  Cell Leakage Power   = 1.243e-03   ( 2.41%)
                         ---------
Total Power            =    0.0515  (100.00%)

1
