****************************************
Report : Averaged Power
Design : Rocket/alu (ALU)
Version: T-2022.03-SP3
Date   : Tue May 20 11:35:13 2025
****************************************



  Attributes
  ----------
      i  -  Including register clock pin internal power
      u  -  User defined power group

                        Internal  Switching  Leakage    Total
Power Group             Power     Power      Power      Power   (     %)  Attrs
--------------------------------------------------------------------------------
clock_network              0.0000    0.0000    0.0000    0.0000 ( 0.00%)  i
register                   0.0000    0.0000    0.0000    0.0000 ( 0.00%)  
combinational           2.281e-04 1.572e-04 3.901e-05 4.243e-04 (100.00%) 
sequential                 0.0000    0.0000    0.0000    0.0000 ( 0.00%)  
memory                     0.0000    0.0000    0.0000    0.0000 ( 0.00%)  
io_pad                     0.0000    0.0000    0.0000    0.0000 ( 0.00%)  
black_box                  0.0000    0.0000    0.0000    0.0000 ( 0.00%)  

  Net Switching Power  = 1.572e-04   (37.04%)
  Cell Internal Power  = 2.281e-04   (53.77%)
  Cell Leakage Power   = 3.901e-05   ( 9.19%)
                         ---------
Total Power            = 4.243e-04  (100.00%)

1
