****************************************
Report : Averaged Power
Design : Rocket/bpu (BreakpointUnit)
Version: T-2022.03-SP3
Date   : Tue May 20 11:35:13 2025
****************************************



  Attributes
  ----------
      i  -  Including register clock pin internal power
      u  -  User defined power group

                        Internal  Switching  Leakage    Total
Power Group             Power     Power      Power      Power   (     %)  Attrs
--------------------------------------------------------------------------------
clock_network              0.0000    0.0000    0.0000    0.0000 ( 0.00%)  i
register                   0.0000    0.0000    0.0000    0.0000 ( 0.00%)  
combinational           9.074e-05 5.337e-05 1.420e-05 1.583e-04 (100.00%) 
sequential                 0.0000    0.0000    0.0000    0.0000 ( 0.00%)  
memory                     0.0000    0.0000    0.0000    0.0000 ( 0.00%)  
io_pad                     0.0000    0.0000    0.0000    0.0000 ( 0.00%)  
black_box                  0.0000    0.0000    0.0000    0.0000 ( 0.00%)  

  Net Switching Power  = 5.337e-05   (33.71%)
  Cell Internal Power  = 9.074e-05   (57.32%)
  Cell Leakage Power   = 1.420e-05   ( 8.97%)
                         ---------
Total Power            = 1.583e-04  (100.00%)

1
