Warning: Neither event file or switching activity data present for power estimation. The command will propagate switching activity values for power calculation.  (PWR-246)
Information: Running switching activity propagation with 8 threads!
Information: Running averaged power analysis... (PWR-601)
Information: Running power calculation with 8 threads. (PWR-602)
****************************************
Report : Averaged Power
Design : Rocket
Version: T-2022.03-SP3
Date   : Tue May 20 20:06:51 2025
****************************************



  Attributes
  ----------
      i  -  Including register clock pin internal power
      u  -  User defined power group

                        Internal  Switching  Leakage    Total
Power Group             Power     Power      Power      Power   (     %)  Attrs
--------------------------------------------------------------------------------
clock_network              0.0255    0.0000    0.0000    0.0255 (61.56%)  i
register                4.047e-04 1.684e-04 1.893e-04 7.624e-04 ( 1.84%)  
combinational              0.0105 4.112e-03 5.378e-04    0.0151 (36.59%)  
sequential                 0.0000    0.0000    0.0000    0.0000 ( 0.00%)  
memory                     0.0000    0.0000    0.0000    0.0000 ( 0.00%)  
io_pad                     0.0000    0.0000    0.0000    0.0000 ( 0.00%)  
black_box                  0.0000    0.0000    0.0000    0.0000 ( 0.00%)  

  Net Switching Power  = 4.281e-03   (10.35%)
  Cell Internal Power  =    0.0364   (87.90%)
  Cell Leakage Power   = 7.271e-04   ( 1.76%)
                         ---------
Total Power            =    0.0414  (100.00%)

1
