Error: Cannot open file '/local/home/coguest5/vlsi_flow_RTLPT/flow/pd_data/pnr/spef/Rocket_TinyRocket/Rocket_TinyRocket_init_RC.spef'. (PARA-001)
1.  clock (driver: port clock)
2.  reset (driver: port reset)
3.  io_hartid (driver: port io_hartid)
4.  io_interrupts_debug (driver: port io_interrupts_debug)
5.  io_interrupts_mtip (driver: port io_interrupts_mtip)
6.  io_interrupts_msip (driver: port io_interrupts_msip)
7.  io_interrupts_meip (driver: port io_interrupts_meip)
8.  io_imem_might_request (driver: pin imem_might_request_reg_reg/Q)
9.  io_imem_resp_valid (driver: port io_imem_resp_valid)
10.  io_imem_resp_bits_pc[31] (driver: port io_imem_resp_bits_pc[31])
11.  io_imem_resp_bits_pc[30] (driver: port io_imem_resp_bits_pc[30])
12.  io_imem_resp_bits_pc[29] (driver: port io_imem_resp_bits_pc[29])
13.  io_imem_resp_bits_pc[28] (driver: port io_imem_resp_bits_pc[28])
14.  io_imem_resp_bits_pc[27] (driver: port io_imem_resp_bits_pc[27])
15.  io_imem_resp_bits_pc[26] (driver: port io_imem_resp_bits_pc[26])
16.  io_imem_resp_bits_pc[25] (driver: port io_imem_resp_bits_pc[25])
17.  io_imem_resp_bits_pc[24] (driver: port io_imem_resp_bits_pc[24])
18.  io_imem_resp_bits_pc[23] (driver: port io_imem_resp_bits_pc[23])
19.  io_imem_resp_bits_pc[22] (driver: port io_imem_resp_bits_pc[22])
20.  io_imem_resp_bits_pc[21] (driver: port io_imem_resp_bits_pc[21])
21.  io_imem_resp_bits_pc[20] (driver: port io_imem_resp_bits_pc[20])
22.  io_imem_resp_bits_pc[19] (driver: port io_imem_resp_bits_pc[19])
23.  io_imem_resp_bits_pc[18] (driver: port io_imem_resp_bits_pc[18])
24.  io_imem_resp_bits_pc[17] (driver: port io_imem_resp_bits_pc[17])
25.  io_imem_resp_bits_pc[16] (driver: port io_imem_resp_bits_pc[16])
26.  io_imem_resp_bits_pc[15] (driver: port io_imem_resp_bits_pc[15])
27.  io_imem_resp_bits_pc[14] (driver: port io_imem_resp_bits_pc[14])
28.  io_imem_resp_bits_pc[13] (driver: port io_imem_resp_bits_pc[13])
29.  io_imem_resp_bits_pc[12] (driver: port io_imem_resp_bits_pc[12])
30.  io_imem_resp_bits_pc[11] (driver: port io_imem_resp_bits_pc[11])
31.  io_imem_resp_bits_pc[10] (driver: port io_imem_resp_bits_pc[10])
32.  io_imem_resp_bits_pc[9] (driver: port io_imem_resp_bits_pc[9])
33.  io_imem_resp_bits_pc[8] (driver: port io_imem_resp_bits_pc[8])
34.  io_imem_resp_bits_pc[7] (driver: port io_imem_resp_bits_pc[7])
35.  io_imem_resp_bits_pc[6] (driver: port io_imem_resp_bits_pc[6])
36.  io_imem_resp_bits_pc[5] (driver: port io_imem_resp_bits_pc[5])
37.  io_imem_resp_bits_pc[4] (driver: port io_imem_resp_bits_pc[4])
38.  io_imem_resp_bits_pc[3] (driver: port io_imem_resp_bits_pc[3])
39.  io_imem_resp_bits_pc[2] (driver: port io_imem_resp_bits_pc[2])
40.  io_imem_resp_bits_pc[1] (driver: port io_imem_resp_bits_pc[1])
41.  io_imem_resp_bits_pc[0] (driver: port io_imem_resp_bits_pc[0])
42.  io_imem_resp_bits_data[31] (driver: port io_imem_resp_bits_data[31])
43.  io_imem_resp_bits_data[30] (driver: port io_imem_resp_bits_data[30])
44.  io_imem_resp_bits_data[29] (driver: port io_imem_resp_bits_data[29])
45.  io_imem_resp_bits_data[28] (driver: port io_imem_resp_bits_data[28])
46.  io_imem_resp_bits_data[27] (driver: port io_imem_resp_bits_data[27])
47.  io_imem_resp_bits_data[26] (driver: port io_imem_resp_bits_data[26])
48.  io_imem_resp_bits_data[25] (driver: port io_imem_resp_bits_data[25])
49.  io_imem_resp_bits_data[24] (driver: port io_imem_resp_bits_data[24])
50.  io_imem_resp_bits_data[23] (driver: port io_imem_resp_bits_data[23])
51.  io_imem_resp_bits_data[22] (driver: port io_imem_resp_bits_data[22])
52.  io_imem_resp_bits_data[21] (driver: port io_imem_resp_bits_data[21])
53.  io_imem_resp_bits_data[20] (driver: port io_imem_resp_bits_data[20])
54.  io_imem_resp_bits_data[19] (driver: port io_imem_resp_bits_data[19])
55.  io_imem_resp_bits_data[18] (driver: port io_imem_resp_bits_data[18])
56.  io_imem_resp_bits_data[17] (driver: port io_imem_resp_bits_data[17])
57.  io_imem_resp_bits_data[16] (driver: port io_imem_resp_bits_data[16])
58.  io_imem_resp_bits_data[15] (driver: port io_imem_resp_bits_data[15])
59.  io_imem_resp_bits_data[14] (driver: port io_imem_resp_bits_data[14])
60.  io_imem_resp_bits_data[13] (driver: port io_imem_resp_bits_data[13])
61.  io_imem_resp_bits_data[12] (driver: port io_imem_resp_bits_data[12])
62.  io_imem_resp_bits_data[11] (driver: port io_imem_resp_bits_data[11])
63.  io_imem_resp_bits_data[10] (driver: port io_imem_resp_bits_data[10])
64.  io_imem_resp_bits_data[9] (driver: port io_imem_resp_bits_data[9])
65.  io_imem_resp_bits_data[8] (driver: port io_imem_resp_bits_data[8])
66.  io_imem_resp_bits_data[7] (driver: port io_imem_resp_bits_data[7])
67.  io_imem_resp_bits_data[6] (driver: port io_imem_resp_bits_data[6])
68.  io_imem_resp_bits_data[5] (driver: port io_imem_resp_bits_data[5])
69.  io_imem_resp_bits_data[4] (driver: port io_imem_resp_bits_data[4])
70.  io_imem_resp_bits_data[3] (driver: port io_imem_resp_bits_data[3])
71.  io_imem_resp_bits_data[2] (driver: port io_imem_resp_bits_data[2])
72.  io_imem_resp_bits_data[1] (driver: port io_imem_resp_bits_data[1])
73.  io_imem_resp_bits_data[0] (driver: port io_imem_resp_bits_data[0])
74.  io_imem_resp_bits_xcpt_ae_inst (driver: port io_imem_resp_bits_xcpt_ae_inst)
75.  io_imem_resp_bits_replay (driver: port io_imem_resp_bits_replay)
76.  io_dmem_req_ready (driver: port io_dmem_req_ready)
77.  io_dmem_req_bits_tag[6] (driver: pin U7715/ZN)
78.  io_dmem_req_bits_tag[5] (driver: pin ex_reg_inst_reg_11_/Q)
79.  io_dmem_req_bits_tag[4] (driver: pin ex_reg_inst_reg_10_/Q)
80.  io_dmem_req_bits_tag[3] (driver: pin ex_reg_inst_reg_9_/Q)
81.  io_dmem_req_bits_tag[2] (driver: pin ex_reg_inst_reg_8_/Q)
82.  io_dmem_req_bits_tag[1] (driver: pin ex_reg_inst_reg_7_/Q)
83.  io_dmem_req_bits_tag[0] (driver: pin U6297/ZN)
84.  io_dmem_req_bits_cmd[4] (driver: pin U6276/ZN)
85.  io_dmem_req_bits_cmd[3] (driver: pin ex_ctrl_mem_cmd_reg_3_/Q)
86.  io_dmem_req_bits_cmd[2] (driver: pin ex_ctrl_mem_cmd_reg_2_/Q)
87.  io_dmem_req_bits_cmd[1] (driver: pin ex_ctrl_mem_cmd_reg_1_/Q)
88.  io_dmem_req_bits_cmd[0] (driver: pin ex_ctrl_mem_cmd_reg_0_/Q)
89.  io_dmem_req_bits_size[1] (driver: pin ex_reg_mem_size_reg_1_/Q)
90.  io_dmem_req_bits_size[0] (driver: pin ex_reg_mem_size_reg_0_/Q)
91.  io_dmem_req_bits_signed (driver: pin ex_reg_inst_reg_14_/QN)
92.  io_dmem_req_bits_dv (driver: pin U6263/ZN)
93.  io_dmem_s1_data_data[31] (driver: pin mem_reg_rs2_reg_31_/Q)
94.  io_dmem_s1_data_data[30] (driver: pin mem_reg_rs2_reg_30_/Q)
95.  io_dmem_s1_data_data[29] (driver: pin mem_reg_rs2_reg_29_/Q)
96.  io_dmem_s1_data_data[28] (driver: pin mem_reg_rs2_reg_28_/Q)
97.  io_dmem_s1_data_data[27] (driver: pin mem_reg_rs2_reg_27_/Q)
98.  io_dmem_s1_data_data[26] (driver: pin mem_reg_rs2_reg_26_/Q)
99.  io_dmem_s1_data_data[25] (driver: pin mem_reg_rs2_reg_25_/Q)
100.  io_dmem_s1_data_data[24] (driver: pin mem_reg_rs2_reg_24_/Q)
101.  io_dmem_s1_data_data[23] (driver: pin mem_reg_rs2_reg_23_/Q)
102.  io_dmem_s1_data_data[22] (driver: pin mem_reg_rs2_reg_22_/Q)
103.  io_dmem_s1_data_data[21] (driver: pin mem_reg_rs2_reg_21_/Q)
104.  io_dmem_s1_data_data[20] (driver: pin mem_reg_rs2_reg_20_/Q)
105.  io_dmem_s1_data_data[19] (driver: pin mem_reg_rs2_reg_19_/Q)
106.  io_dmem_s1_data_data[18] (driver: pin mem_reg_rs2_reg_18_/Q)
107.  io_dmem_s1_data_data[17] (driver: pin mem_reg_rs2_reg_17_/Q)
108.  io_dmem_s1_data_data[16] (driver: pin mem_reg_rs2_reg_16_/Q)
109.  io_dmem_s1_data_data[15] (driver: pin mem_reg_rs2_reg_15_/Q)
110.  io_dmem_s1_data_data[14] (driver: pin mem_reg_rs2_reg_14_/Q)
111.  io_dmem_s1_data_data[13] (driver: pin mem_reg_rs2_reg_13_/Q)
112.  io_dmem_s1_data_data[12] (driver: pin mem_reg_rs2_reg_12_/Q)
113.  io_dmem_s1_data_data[11] (driver: pin mem_reg_rs2_reg_11_/Q)
114.  io_dmem_s1_data_data[10] (driver: pin mem_reg_rs2_reg_10_/Q)
115.  io_dmem_s1_data_data[9] (driver: pin mem_reg_rs2_reg_9_/Q)
116.  io_dmem_s1_data_data[8] (driver: pin mem_reg_rs2_reg_8_/Q)
117.  io_dmem_s1_data_data[7] (driver: pin mem_reg_rs2_reg_7_/Q)
118.  io_dmem_s1_data_data[6] (driver: pin mem_reg_rs2_reg_6_/Q)
119.  io_dmem_s1_data_data[5] (driver: pin mem_reg_rs2_reg_5_/Q)
120.  io_dmem_s1_data_data[4] (driver: pin mem_reg_rs2_reg_4_/Q)
121.  io_dmem_s1_data_data[3] (driver: pin mem_reg_rs2_reg_3_/Q)
122.  io_dmem_s1_data_data[2] (driver: pin mem_reg_rs2_reg_2_/Q)
123.  io_dmem_s1_data_data[1] (driver: pin mem_reg_rs2_reg_1_/Q)
124.  io_dmem_s1_data_data[0] (driver: pin mem_reg_rs2_reg_0_/Q)
125.  io_dmem_s2_nack (driver: port io_dmem_s2_nack)
126.  io_dmem_resp_valid (driver: port io_dmem_resp_valid)
127.  io_dmem_resp_bits_tag[5] (driver: port io_dmem_resp_bits_tag[5])
128.  io_dmem_resp_bits_tag[4] (driver: port io_dmem_resp_bits_tag[4])
129.  io_dmem_resp_bits_tag[3] (driver: port io_dmem_resp_bits_tag[3])
130.  io_dmem_resp_bits_tag[2] (driver: port io_dmem_resp_bits_tag[2])
131.  io_dmem_resp_bits_tag[1] (driver: port io_dmem_resp_bits_tag[1])
132.  io_dmem_resp_bits_tag[0] (driver: port io_dmem_resp_bits_tag[0])
133.  io_dmem_resp_bits_data[31] (driver: port io_dmem_resp_bits_data[31])
134.  io_dmem_resp_bits_data[30] (driver: port io_dmem_resp_bits_data[30])
135.  io_dmem_resp_bits_data[29] (driver: port io_dmem_resp_bits_data[29])
136.  io_dmem_resp_bits_data[28] (driver: port io_dmem_resp_bits_data[28])
137.  io_dmem_resp_bits_data[27] (driver: port io_dmem_resp_bits_data[27])
138.  io_dmem_resp_bits_data[26] (driver: port io_dmem_resp_bits_data[26])
139.  io_dmem_resp_bits_data[25] (driver: port io_dmem_resp_bits_data[25])
140.  io_dmem_resp_bits_data[24] (driver: port io_dmem_resp_bits_data[24])
141.  io_dmem_resp_bits_data[23] (driver: port io_dmem_resp_bits_data[23])
142.  io_dmem_resp_bits_data[22] (driver: port io_dmem_resp_bits_data[22])
143.  io_dmem_resp_bits_data[21] (driver: port io_dmem_resp_bits_data[21])
144.  io_dmem_resp_bits_data[20] (driver: port io_dmem_resp_bits_data[20])
145.  io_dmem_resp_bits_data[19] (driver: port io_dmem_resp_bits_data[19])
146.  io_dmem_resp_bits_data[18] (driver: port io_dmem_resp_bits_data[18])
147.  io_dmem_resp_bits_data[17] (driver: port io_dmem_resp_bits_data[17])
148.  io_dmem_resp_bits_data[16] (driver: port io_dmem_resp_bits_data[16])
149.  io_dmem_resp_bits_data[15] (driver: port io_dmem_resp_bits_data[15])
150.  io_dmem_resp_bits_data[14] (driver: port io_dmem_resp_bits_data[14])
151.  io_dmem_resp_bits_data[13] (driver: port io_dmem_resp_bits_data[13])
152.  io_dmem_resp_bits_data[12] (driver: port io_dmem_resp_bits_data[12])
153.  io_dmem_resp_bits_data[11] (driver: port io_dmem_resp_bits_data[11])
154.  io_dmem_resp_bits_data[10] (driver: port io_dmem_resp_bits_data[10])
155.  io_dmem_resp_bits_data[9] (driver: port io_dmem_resp_bits_data[9])
156.  io_dmem_resp_bits_data[8] (driver: port io_dmem_resp_bits_data[8])
157.  io_dmem_resp_bits_data[7] (driver: port io_dmem_resp_bits_data[7])
158.  io_dmem_resp_bits_data[6] (driver: port io_dmem_resp_bits_data[6])
159.  io_dmem_resp_bits_data[5] (driver: port io_dmem_resp_bits_data[5])
160.  io_dmem_resp_bits_data[4] (driver: port io_dmem_resp_bits_data[4])
161.  io_dmem_resp_bits_data[3] (driver: port io_dmem_resp_bits_data[3])
162.  io_dmem_resp_bits_data[2] (driver: port io_dmem_resp_bits_data[2])
163.  io_dmem_resp_bits_data[1] (driver: port io_dmem_resp_bits_data[1])
164.  io_dmem_resp_bits_data[0] (driver: port io_dmem_resp_bits_data[0])
165.  io_dmem_resp_bits_replay (driver: port io_dmem_resp_bits_replay)
166.  io_dmem_resp_bits_has_data (driver: port io_dmem_resp_bits_has_data)
167.  io_dmem_resp_bits_data_word_bypass[31] (driver: port io_dmem_resp_bits_data_word_bypass[31])
168.  io_dmem_resp_bits_data_word_bypass[30] (driver: port io_dmem_resp_bits_data_word_bypass[30])
169.  io_dmem_resp_bits_data_word_bypass[29] (driver: port io_dmem_resp_bits_data_word_bypass[29])
170.  io_dmem_resp_bits_data_word_bypass[28] (driver: port io_dmem_resp_bits_data_word_bypass[28])
171.  io_dmem_resp_bits_data_word_bypass[27] (driver: port io_dmem_resp_bits_data_word_bypass[27])
172.  io_dmem_resp_bits_data_word_bypass[26] (driver: port io_dmem_resp_bits_data_word_bypass[26])
173.  io_dmem_resp_bits_data_word_bypass[25] (driver: port io_dmem_resp_bits_data_word_bypass[25])
174.  io_dmem_resp_bits_data_word_bypass[24] (driver: port io_dmem_resp_bits_data_word_bypass[24])
175.  io_dmem_resp_bits_data_word_bypass[23] (driver: port io_dmem_resp_bits_data_word_bypass[23])
176.  io_dmem_resp_bits_data_word_bypass[22] (driver: port io_dmem_resp_bits_data_word_bypass[22])
177.  io_dmem_resp_bits_data_word_bypass[21] (driver: port io_dmem_resp_bits_data_word_bypass[21])
178.  io_dmem_resp_bits_data_word_bypass[20] (driver: port io_dmem_resp_bits_data_word_bypass[20])
179.  io_dmem_resp_bits_data_word_bypass[19] (driver: port io_dmem_resp_bits_data_word_bypass[19])
180.  io_dmem_resp_bits_data_word_bypass[18] (driver: port io_dmem_resp_bits_data_word_bypass[18])
181.  io_dmem_resp_bits_data_word_bypass[17] (driver: port io_dmem_resp_bits_data_word_bypass[17])
182.  io_dmem_resp_bits_data_word_bypass[16] (driver: port io_dmem_resp_bits_data_word_bypass[16])
183.  io_dmem_resp_bits_data_word_bypass[15] (driver: port io_dmem_resp_bits_data_word_bypass[15])
184.  io_dmem_resp_bits_data_word_bypass[14] (driver: port io_dmem_resp_bits_data_word_bypass[14])
185.  io_dmem_resp_bits_data_word_bypass[13] (driver: port io_dmem_resp_bits_data_word_bypass[13])
186.  io_dmem_resp_bits_data_word_bypass[12] (driver: port io_dmem_resp_bits_data_word_bypass[12])
187.  io_dmem_resp_bits_data_word_bypass[11] (driver: port io_dmem_resp_bits_data_word_bypass[11])
188.  io_dmem_resp_bits_data_word_bypass[10] (driver: port io_dmem_resp_bits_data_word_bypass[10])
189.  io_dmem_resp_bits_data_word_bypass[9] (driver: port io_dmem_resp_bits_data_word_bypass[9])
190.  io_dmem_resp_bits_data_word_bypass[8] (driver: port io_dmem_resp_bits_data_word_bypass[8])
191.  io_dmem_resp_bits_data_word_bypass[7] (driver: port io_dmem_resp_bits_data_word_bypass[7])
192.  io_dmem_resp_bits_data_word_bypass[6] (driver: port io_dmem_resp_bits_data_word_bypass[6])
193.  io_dmem_resp_bits_data_word_bypass[5] (driver: port io_dmem_resp_bits_data_word_bypass[5])
194.  io_dmem_resp_bits_data_word_bypass[4] (driver: port io_dmem_resp_bits_data_word_bypass[4])
195.  io_dmem_resp_bits_data_word_bypass[3] (driver: port io_dmem_resp_bits_data_word_bypass[3])
196.  io_dmem_resp_bits_data_word_bypass[2] (driver: port io_dmem_resp_bits_data_word_bypass[2])
197.  io_dmem_resp_bits_data_word_bypass[1] (driver: port io_dmem_resp_bits_data_word_bypass[1])
198.  io_dmem_resp_bits_data_word_bypass[0] (driver: port io_dmem_resp_bits_data_word_bypass[0])
199.  io_dmem_replay_next (driver: port io_dmem_replay_next)
200.  io_dmem_s2_xcpt_ma_ld (driver: port io_dmem_s2_xcpt_ma_ld)
201.  io_dmem_s2_xcpt_ma_st (driver: port io_dmem_s2_xcpt_ma_st)
202.  io_dmem_s2_xcpt_pf_ld (driver: port io_dmem_s2_xcpt_pf_ld)
203.  io_dmem_s2_xcpt_pf_st (driver: port io_dmem_s2_xcpt_pf_st)
204.  io_dmem_s2_xcpt_ae_ld (driver: port io_dmem_s2_xcpt_ae_ld)
205.  io_dmem_s2_xcpt_ae_st (driver: port io_dmem_s2_xcpt_ae_st)
206.  io_dmem_ordered (driver: port io_dmem_ordered)
207.  io_dmem_perf_grant (driver: port io_dmem_perf_grant)
208.  io_ptw_status_debug (driver: pin csr/reg_debug_reg/Q)
209.  io_ptw_pmp_0_cfg_l (driver: pin csr/reg_pmp_0_cfg_l_reg/Q)
210.  io_ptw_pmp_0_cfg_a[1] (driver: pin csr/reg_pmp_0_cfg_a_reg_1_/Q)
211.  io_ptw_pmp_0_cfg_a[0] (driver: pin csr/reg_pmp_0_cfg_a_reg_0_/Q)
212.  io_ptw_pmp_0_cfg_x (driver: pin csr/reg_pmp_0_cfg_x_reg/Q)
213.  io_ptw_pmp_0_cfg_w (driver: pin csr/reg_pmp_0_cfg_w_reg/Q)
214.  io_ptw_pmp_0_cfg_r (driver: pin csr/reg_pmp_0_cfg_r_reg/Q)
215.  io_ptw_pmp_0_addr[29] (driver: pin csr/reg_pmp_0_addr_reg_29_/Q)
216.  io_ptw_pmp_0_addr[28] (driver: pin csr/reg_pmp_0_addr_reg_28_/Q)
217.  io_ptw_pmp_0_addr[27] (driver: pin csr/reg_pmp_0_addr_reg_27_/Q)
218.  io_ptw_pmp_0_addr[26] (driver: pin csr/reg_pmp_0_addr_reg_26_/Q)
219.  io_ptw_pmp_0_addr[25] (driver: pin csr/reg_pmp_0_addr_reg_25_/Q)
220.  io_ptw_pmp_0_addr[24] (driver: pin csr/reg_pmp_0_addr_reg_24_/Q)
221.  io_ptw_pmp_0_addr[23] (driver: pin csr/reg_pmp_0_addr_reg_23_/Q)
222.  io_ptw_pmp_0_addr[22] (driver: pin csr/reg_pmp_0_addr_reg_22_/Q)
223.  io_ptw_pmp_0_addr[21] (driver: pin csr/reg_pmp_0_addr_reg_21_/Q)
224.  io_ptw_pmp_0_addr[20] (driver: pin csr/reg_pmp_0_addr_reg_20_/Q)
225.  io_ptw_pmp_0_addr[19] (driver: pin csr/reg_pmp_0_addr_reg_19_/Q)
226.  io_ptw_pmp_0_addr[18] (driver: pin csr/reg_pmp_0_addr_reg_18_/Q)
227.  io_ptw_pmp_0_addr[17] (driver: pin csr/reg_pmp_0_addr_reg_17_/Q)
228.  io_ptw_pmp_0_addr[16] (driver: pin csr/reg_pmp_0_addr_reg_16_/Q)
229.  io_ptw_pmp_0_addr[15] (driver: pin csr/reg_pmp_0_addr_reg_15_/Q)
230.  io_ptw_pmp_0_addr[14] (driver: pin csr/reg_pmp_0_addr_reg_14_/Q)
231.  io_ptw_pmp_0_addr[13] (driver: pin csr/reg_pmp_0_addr_reg_13_/Q)
232.  io_ptw_pmp_0_addr[12] (driver: pin csr/reg_pmp_0_addr_reg_12_/Q)
233.  io_ptw_pmp_0_addr[11] (driver: pin csr/reg_pmp_0_addr_reg_11_/Q)
234.  io_ptw_pmp_0_addr[10] (driver: pin csr/reg_pmp_0_addr_reg_10_/Q)
235.  io_ptw_pmp_0_addr[9] (driver: pin csr/reg_pmp_0_addr_reg_9_/Q)
236.  io_ptw_pmp_0_addr[8] (driver: pin csr/reg_pmp_0_addr_reg_8_/Q)
237.  io_ptw_pmp_0_addr[7] (driver: pin csr/reg_pmp_0_addr_reg_7_/Q)
238.  io_ptw_pmp_0_addr[6] (driver: pin csr/reg_pmp_0_addr_reg_6_/Q)
239.  io_ptw_pmp_0_addr[5] (driver: pin csr/reg_pmp_0_addr_reg_5_/Q)
240.  io_ptw_pmp_0_addr[4] (driver: pin csr/reg_pmp_0_addr_reg_4_/Q)
241.  io_ptw_pmp_0_addr[3] (driver: pin csr/reg_pmp_0_addr_reg_3_/Q)
242.  io_ptw_pmp_0_addr[2] (driver: pin csr/reg_pmp_0_addr_reg_2_/Q)
243.  io_ptw_pmp_0_addr[1] (driver: pin csr/reg_pmp_0_addr_reg_1_/Q)
244.  io_ptw_pmp_0_addr[0] (driver: pin csr/reg_pmp_0_addr_reg_0_/Q)
245.  io_ptw_pmp_0_mask[1] (driver: pin U6261/ZN)
246.  io_ptw_pmp_0_mask[0] (driver: pin U6259/ZN)
247.  io_ptw_pmp_1_cfg_l (driver: pin csr/reg_pmp_1_cfg_l_reg/Q)
248.  io_ptw_pmp_1_cfg_a[1] (driver: pin csr/reg_pmp_1_cfg_a_reg_1_/Q)
249.  io_ptw_pmp_1_cfg_a[0] (driver: pin csr/reg_pmp_1_cfg_a_reg_0_/Q)
250.  io_ptw_pmp_1_cfg_x (driver: pin csr/reg_pmp_1_cfg_x_reg/Q)
251.  io_ptw_pmp_1_cfg_w (driver: pin csr/reg_pmp_1_cfg_w_reg/Q)
252.  io_ptw_pmp_1_cfg_r (driver: pin csr/reg_pmp_1_cfg_r_reg/Q)
253.  io_ptw_pmp_1_addr[29] (driver: pin csr/reg_pmp_1_addr_reg_29_/Q)
254.  io_ptw_pmp_1_addr[28] (driver: pin csr/reg_pmp_1_addr_reg_28_/Q)
255.  io_ptw_pmp_1_addr[27] (driver: pin csr/reg_pmp_1_addr_reg_27_/Q)
256.  io_ptw_pmp_1_addr[26] (driver: pin csr/reg_pmp_1_addr_reg_26_/Q)
257.  io_ptw_pmp_1_addr[25] (driver: pin csr/reg_pmp_1_addr_reg_25_/Q)
258.  io_ptw_pmp_1_addr[24] (driver: pin csr/reg_pmp_1_addr_reg_24_/Q)
259.  io_ptw_pmp_1_addr[23] (driver: pin csr/reg_pmp_1_addr_reg_23_/Q)
260.  io_ptw_pmp_1_addr[22] (driver: pin csr/reg_pmp_1_addr_reg_22_/Q)
261.  io_ptw_pmp_1_addr[21] (driver: pin csr/reg_pmp_1_addr_reg_21_/Q)
262.  io_ptw_pmp_1_addr[20] (driver: pin csr/reg_pmp_1_addr_reg_20_/Q)
263.  io_ptw_pmp_1_addr[19] (driver: pin csr/reg_pmp_1_addr_reg_19_/Q)
264.  io_ptw_pmp_1_addr[18] (driver: pin csr/reg_pmp_1_addr_reg_18_/Q)
265.  io_ptw_pmp_1_addr[17] (driver: pin csr/reg_pmp_1_addr_reg_17_/Q)
266.  io_ptw_pmp_1_addr[16] (driver: pin csr/reg_pmp_1_addr_reg_16_/Q)
267.  io_ptw_pmp_1_addr[15] (driver: pin csr/reg_pmp_1_addr_reg_15_/Q)
268.  io_ptw_pmp_1_addr[14] (driver: pin csr/reg_pmp_1_addr_reg_14_/Q)
269.  io_ptw_pmp_1_addr[13] (driver: pin csr/reg_pmp_1_addr_reg_13_/Q)
270.  io_ptw_pmp_1_addr[12] (driver: pin csr/reg_pmp_1_addr_reg_12_/Q)
271.  io_ptw_pmp_1_addr[11] (driver: pin csr/reg_pmp_1_addr_reg_11_/Q)
272.  io_ptw_pmp_1_addr[10] (driver: pin csr/reg_pmp_1_addr_reg_10_/Q)
273.  io_ptw_pmp_1_addr[9] (driver: pin csr/reg_pmp_1_addr_reg_9_/Q)
274.  io_ptw_pmp_1_addr[8] (driver: pin csr/reg_pmp_1_addr_reg_8_/Q)
275.  io_ptw_pmp_1_addr[7] (driver: pin csr/reg_pmp_1_addr_reg_7_/Q)
276.  io_ptw_pmp_1_addr[6] (driver: pin csr/reg_pmp_1_addr_reg_6_/Q)
277.  io_ptw_pmp_1_addr[5] (driver: pin csr/reg_pmp_1_addr_reg_5_/Q)
278.  io_ptw_pmp_1_addr[4] (driver: pin csr/reg_pmp_1_addr_reg_4_/Q)
279.  io_ptw_pmp_1_addr[3] (driver: pin csr/reg_pmp_1_addr_reg_3_/Q)
280.  io_ptw_pmp_1_addr[2] (driver: pin csr/reg_pmp_1_addr_reg_2_/Q)
281.  io_ptw_pmp_1_addr[1] (driver: pin csr/reg_pmp_1_addr_reg_1_/Q)
282.  io_ptw_pmp_1_addr[0] (driver: pin csr/reg_pmp_1_addr_reg_0_/Q)
283.  io_ptw_pmp_1_mask[1] (driver: pin U6257/ZN)
284.  io_ptw_pmp_1_mask[0] (driver: pin U6255/ZN)
285.  io_ptw_pmp_2_cfg_l (driver: pin csr/reg_pmp_2_cfg_l_reg/Q)
286.  io_ptw_pmp_2_cfg_a[1] (driver: pin csr/reg_pmp_2_cfg_a_reg_1_/Q)
287.  io_ptw_pmp_2_cfg_a[0] (driver: pin csr/reg_pmp_2_cfg_a_reg_0_/Q)
288.  io_ptw_pmp_2_cfg_x (driver: pin csr/reg_pmp_2_cfg_x_reg/Q)
289.  io_ptw_pmp_2_cfg_w (driver: pin csr/reg_pmp_2_cfg_w_reg/Q)
290.  io_ptw_pmp_2_cfg_r (driver: pin csr/reg_pmp_2_cfg_r_reg/Q)
291.  io_ptw_pmp_2_addr[29] (driver: pin csr/reg_pmp_2_addr_reg_29_/Q)
292.  io_ptw_pmp_2_addr[28] (driver: pin csr/reg_pmp_2_addr_reg_28_/Q)
293.  io_ptw_pmp_2_addr[27] (driver: pin csr/reg_pmp_2_addr_reg_27_/Q)
294.  io_ptw_pmp_2_addr[26] (driver: pin csr/reg_pmp_2_addr_reg_26_/Q)
295.  io_ptw_pmp_2_addr[25] (driver: pin csr/reg_pmp_2_addr_reg_25_/Q)
296.  io_ptw_pmp_2_addr[24] (driver: pin csr/reg_pmp_2_addr_reg_24_/Q)
297.  io_ptw_pmp_2_addr[23] (driver: pin csr/reg_pmp_2_addr_reg_23_/Q)
298.  io_ptw_pmp_2_addr[22] (driver: pin csr/reg_pmp_2_addr_reg_22_/Q)
299.  io_ptw_pmp_2_addr[21] (driver: pin csr/reg_pmp_2_addr_reg_21_/Q)
300.  io_ptw_pmp_2_addr[20] (driver: pin csr/reg_pmp_2_addr_reg_20_/Q)
301.  io_ptw_pmp_2_addr[19] (driver: pin csr/reg_pmp_2_addr_reg_19_/Q)
302.  io_ptw_pmp_2_addr[18] (driver: pin csr/reg_pmp_2_addr_reg_18_/Q)
303.  io_ptw_pmp_2_addr[17] (driver: pin csr/reg_pmp_2_addr_reg_17_/Q)
304.  io_ptw_pmp_2_addr[16] (driver: pin csr/reg_pmp_2_addr_reg_16_/Q)
305.  io_ptw_pmp_2_addr[15] (driver: pin csr/reg_pmp_2_addr_reg_15_/Q)
306.  io_ptw_pmp_2_addr[14] (driver: pin csr/reg_pmp_2_addr_reg_14_/Q)
307.  io_ptw_pmp_2_addr[13] (driver: pin csr/reg_pmp_2_addr_reg_13_/Q)
308.  io_ptw_pmp_2_addr[12] (driver: pin csr/reg_pmp_2_addr_reg_12_/Q)
309.  io_ptw_pmp_2_addr[11] (driver: pin csr/reg_pmp_2_addr_reg_11_/Q)
310.  io_ptw_pmp_2_addr[10] (driver: pin csr/reg_pmp_2_addr_reg_10_/Q)
311.  io_ptw_pmp_2_addr[9] (driver: pin csr/reg_pmp_2_addr_reg_9_/Q)
312.  io_ptw_pmp_2_addr[8] (driver: pin csr/reg_pmp_2_addr_reg_8_/Q)
313.  io_ptw_pmp_2_addr[7] (driver: pin csr/reg_pmp_2_addr_reg_7_/Q)
314.  io_ptw_pmp_2_addr[6] (driver: pin csr/reg_pmp_2_addr_reg_6_/Q)
315.  io_ptw_pmp_2_addr[5] (driver: pin csr/reg_pmp_2_addr_reg_5_/Q)
316.  io_ptw_pmp_2_addr[4] (driver: pin csr/reg_pmp_2_addr_reg_4_/Q)
317.  io_ptw_pmp_2_addr[3] (driver: pin csr/reg_pmp_2_addr_reg_3_/Q)
318.  io_ptw_pmp_2_addr[2] (driver: pin csr/reg_pmp_2_addr_reg_2_/Q)
319.  io_ptw_pmp_2_addr[1] (driver: pin csr/reg_pmp_2_addr_reg_1_/Q)
320.  io_ptw_pmp_2_addr[0] (driver: pin csr/reg_pmp_2_addr_reg_0_/Q)
321.  io_ptw_pmp_2_mask[1] (driver: pin U6253/ZN)
322.  io_ptw_pmp_2_mask[0] (driver: pin U6251/ZN)
323.  io_ptw_pmp_3_cfg_l (driver: pin csr/reg_pmp_3_cfg_l_reg/Q)
324.  io_ptw_pmp_3_cfg_a[1] (driver: pin csr/reg_pmp_3_cfg_a_reg_1_/Q)
325.  io_ptw_pmp_3_cfg_a[0] (driver: pin csr/reg_pmp_3_cfg_a_reg_0_/Q)
326.  io_ptw_pmp_3_cfg_x (driver: pin csr/reg_pmp_3_cfg_x_reg/Q)
327.  io_ptw_pmp_3_cfg_w (driver: pin csr/reg_pmp_3_cfg_w_reg/Q)
328.  io_ptw_pmp_3_cfg_r (driver: pin csr/reg_pmp_3_cfg_r_reg/Q)
329.  io_ptw_pmp_3_addr[29] (driver: pin csr/reg_pmp_3_addr_reg_29_/Q)
330.  io_ptw_pmp_3_addr[28] (driver: pin csr/reg_pmp_3_addr_reg_28_/Q)
331.  io_ptw_pmp_3_addr[27] (driver: pin csr/reg_pmp_3_addr_reg_27_/Q)
332.  io_ptw_pmp_3_addr[26] (driver: pin csr/reg_pmp_3_addr_reg_26_/Q)
333.  io_ptw_pmp_3_addr[25] (driver: pin csr/reg_pmp_3_addr_reg_25_/Q)
334.  io_ptw_pmp_3_addr[24] (driver: pin csr/reg_pmp_3_addr_reg_24_/Q)
335.  io_ptw_pmp_3_addr[23] (driver: pin csr/reg_pmp_3_addr_reg_23_/Q)
336.  io_ptw_pmp_3_addr[22] (driver: pin csr/reg_pmp_3_addr_reg_22_/Q)
337.  io_ptw_pmp_3_addr[21] (driver: pin csr/reg_pmp_3_addr_reg_21_/Q)
338.  io_ptw_pmp_3_addr[20] (driver: pin csr/reg_pmp_3_addr_reg_20_/Q)
339.  io_ptw_pmp_3_addr[19] (driver: pin csr/reg_pmp_3_addr_reg_19_/Q)
340.  io_ptw_pmp_3_addr[18] (driver: pin csr/reg_pmp_3_addr_reg_18_/Q)
341.  io_ptw_pmp_3_addr[17] (driver: pin csr/reg_pmp_3_addr_reg_17_/Q)
342.  io_ptw_pmp_3_addr[16] (driver: pin csr/reg_pmp_3_addr_reg_16_/Q)
343.  io_ptw_pmp_3_addr[15] (driver: pin csr/reg_pmp_3_addr_reg_15_/Q)
344.  io_ptw_pmp_3_addr[14] (driver: pin csr/reg_pmp_3_addr_reg_14_/Q)
345.  io_ptw_pmp_3_addr[13] (driver: pin csr/reg_pmp_3_addr_reg_13_/Q)
346.  io_ptw_pmp_3_addr[12] (driver: pin csr/reg_pmp_3_addr_reg_12_/Q)
347.  io_ptw_pmp_3_addr[11] (driver: pin csr/reg_pmp_3_addr_reg_11_/Q)
348.  io_ptw_pmp_3_addr[10] (driver: pin csr/reg_pmp_3_addr_reg_10_/Q)
349.  io_ptw_pmp_3_addr[9] (driver: pin csr/reg_pmp_3_addr_reg_9_/Q)
350.  io_ptw_pmp_3_addr[8] (driver: pin csr/reg_pmp_3_addr_reg_8_/Q)
351.  io_ptw_pmp_3_addr[7] (driver: pin csr/reg_pmp_3_addr_reg_7_/Q)
352.  io_ptw_pmp_3_addr[6] (driver: pin csr/reg_pmp_3_addr_reg_6_/Q)
353.  io_ptw_pmp_3_addr[5] (driver: pin csr/reg_pmp_3_addr_reg_5_/Q)
354.  io_ptw_pmp_3_addr[4] (driver: pin csr/reg_pmp_3_addr_reg_4_/Q)
355.  io_ptw_pmp_3_addr[3] (driver: pin csr/reg_pmp_3_addr_reg_3_/Q)
356.  io_ptw_pmp_3_addr[2] (driver: pin csr/reg_pmp_3_addr_reg_2_/Q)
357.  io_ptw_pmp_3_addr[1] (driver: pin csr/reg_pmp_3_addr_reg_1_/Q)
358.  io_ptw_pmp_3_addr[0] (driver: pin csr/reg_pmp_3_addr_reg_0_/Q)
359.  io_ptw_pmp_3_mask[1] (driver: pin U6249/ZN)
360.  io_ptw_pmp_3_mask[0] (driver: pin U6247/ZN)
361.  io_ptw_pmp_4_cfg_l (driver: pin csr/reg_pmp_4_cfg_l_reg/Q)
362.  io_ptw_pmp_4_cfg_a[1] (driver: pin csr/reg_pmp_4_cfg_a_reg_1_/Q)
363.  io_ptw_pmp_4_cfg_a[0] (driver: pin csr/reg_pmp_4_cfg_a_reg_0_/Q)
364.  io_ptw_pmp_4_cfg_x (driver: pin csr/reg_pmp_4_cfg_x_reg/Q)
365.  io_ptw_pmp_4_cfg_w (driver: pin csr/reg_pmp_4_cfg_w_reg/Q)
366.  io_ptw_pmp_4_cfg_r (driver: pin csr/reg_pmp_4_cfg_r_reg/Q)
367.  io_ptw_pmp_4_addr[29] (driver: pin csr/reg_pmp_4_addr_reg_29_/Q)
368.  io_ptw_pmp_4_addr[28] (driver: pin csr/reg_pmp_4_addr_reg_28_/Q)
369.  io_ptw_pmp_4_addr[27] (driver: pin csr/reg_pmp_4_addr_reg_27_/Q)
370.  io_ptw_pmp_4_addr[26] (driver: pin csr/reg_pmp_4_addr_reg_26_/Q)
371.  io_ptw_pmp_4_addr[25] (driver: pin csr/reg_pmp_4_addr_reg_25_/Q)
372.  io_ptw_pmp_4_addr[24] (driver: pin csr/reg_pmp_4_addr_reg_24_/Q)
373.  io_ptw_pmp_4_addr[23] (driver: pin csr/reg_pmp_4_addr_reg_23_/Q)
374.  io_ptw_pmp_4_addr[22] (driver: pin csr/reg_pmp_4_addr_reg_22_/Q)
375.  io_ptw_pmp_4_addr[21] (driver: pin csr/reg_pmp_4_addr_reg_21_/Q)
376.  io_ptw_pmp_4_addr[20] (driver: pin csr/reg_pmp_4_addr_reg_20_/Q)
377.  io_ptw_pmp_4_addr[19] (driver: pin csr/reg_pmp_4_addr_reg_19_/Q)
378.  io_ptw_pmp_4_addr[18] (driver: pin csr/reg_pmp_4_addr_reg_18_/Q)
379.  io_ptw_pmp_4_addr[17] (driver: pin csr/reg_pmp_4_addr_reg_17_/Q)
380.  io_ptw_pmp_4_addr[16] (driver: pin csr/reg_pmp_4_addr_reg_16_/Q)
381.  io_ptw_pmp_4_addr[15] (driver: pin csr/reg_pmp_4_addr_reg_15_/Q)
382.  io_ptw_pmp_4_addr[14] (driver: pin csr/reg_pmp_4_addr_reg_14_/Q)
383.  io_ptw_pmp_4_addr[13] (driver: pin csr/reg_pmp_4_addr_reg_13_/Q)
384.  io_ptw_pmp_4_addr[12] (driver: pin csr/reg_pmp_4_addr_reg_12_/Q)
385.  io_ptw_pmp_4_addr[11] (driver: pin csr/reg_pmp_4_addr_reg_11_/Q)
386.  io_ptw_pmp_4_addr[10] (driver: pin csr/reg_pmp_4_addr_reg_10_/Q)
387.  io_ptw_pmp_4_addr[9] (driver: pin csr/reg_pmp_4_addr_reg_9_/Q)
388.  io_ptw_pmp_4_addr[8] (driver: pin csr/reg_pmp_4_addr_reg_8_/Q)
389.  io_ptw_pmp_4_addr[7] (driver: pin csr/reg_pmp_4_addr_reg_7_/Q)
390.  io_ptw_pmp_4_addr[6] (driver: pin csr/reg_pmp_4_addr_reg_6_/Q)
391.  io_ptw_pmp_4_addr[5] (driver: pin csr/reg_pmp_4_addr_reg_5_/Q)
392.  io_ptw_pmp_4_addr[4] (driver: pin csr/reg_pmp_4_addr_reg_4_/Q)
393.  io_ptw_pmp_4_addr[3] (driver: pin csr/reg_pmp_4_addr_reg_3_/Q)
394.  io_ptw_pmp_4_addr[2] (driver: pin csr/reg_pmp_4_addr_reg_2_/Q)
395.  io_ptw_pmp_4_addr[1] (driver: pin csr/reg_pmp_4_addr_reg_1_/Q)
396.  io_ptw_pmp_4_addr[0] (driver: pin csr/reg_pmp_4_addr_reg_0_/Q)
397.  io_ptw_pmp_4_mask[1] (driver: pin U6245/ZN)
398.  io_ptw_pmp_4_mask[0] (driver: pin U6243/ZN)
399.  io_ptw_pmp_5_cfg_l (driver: pin csr/reg_pmp_5_cfg_l_reg/Q)
400.  io_ptw_pmp_5_cfg_a[1] (driver: pin csr/reg_pmp_5_cfg_a_reg_1_/Q)
401.  io_ptw_pmp_5_cfg_a[0] (driver: pin csr/reg_pmp_5_cfg_a_reg_0_/Q)
402.  io_ptw_pmp_5_cfg_x (driver: pin csr/reg_pmp_5_cfg_x_reg/Q)
403.  io_ptw_pmp_5_cfg_w (driver: pin csr/reg_pmp_5_cfg_w_reg/Q)
404.  io_ptw_pmp_5_cfg_r (driver: pin csr/reg_pmp_5_cfg_r_reg/Q)
405.  io_ptw_pmp_5_addr[29] (driver: pin csr/reg_pmp_5_addr_reg_29_/Q)
406.  io_ptw_pmp_5_addr[28] (driver: pin csr/reg_pmp_5_addr_reg_28_/Q)
407.  io_ptw_pmp_5_addr[27] (driver: pin csr/reg_pmp_5_addr_reg_27_/Q)
408.  io_ptw_pmp_5_addr[26] (driver: pin csr/reg_pmp_5_addr_reg_26_/Q)
409.  io_ptw_pmp_5_addr[25] (driver: pin csr/reg_pmp_5_addr_reg_25_/Q)
410.  io_ptw_pmp_5_addr[24] (driver: pin csr/reg_pmp_5_addr_reg_24_/Q)
411.  io_ptw_pmp_5_addr[23] (driver: pin csr/reg_pmp_5_addr_reg_23_/Q)
412.  io_ptw_pmp_5_addr[22] (driver: pin csr/reg_pmp_5_addr_reg_22_/Q)
413.  io_ptw_pmp_5_addr[21] (driver: pin csr/reg_pmp_5_addr_reg_21_/Q)
414.  io_ptw_pmp_5_addr[20] (driver: pin csr/reg_pmp_5_addr_reg_20_/Q)
415.  io_ptw_pmp_5_addr[19] (driver: pin csr/reg_pmp_5_addr_reg_19_/Q)
416.  io_ptw_pmp_5_addr[18] (driver: pin csr/reg_pmp_5_addr_reg_18_/Q)
417.  io_ptw_pmp_5_addr[17] (driver: pin csr/reg_pmp_5_addr_reg_17_/Q)
418.  io_ptw_pmp_5_addr[16] (driver: pin csr/reg_pmp_5_addr_reg_16_/Q)
419.  io_ptw_pmp_5_addr[15] (driver: pin csr/reg_pmp_5_addr_reg_15_/Q)
420.  io_ptw_pmp_5_addr[14] (driver: pin csr/reg_pmp_5_addr_reg_14_/Q)
421.  io_ptw_pmp_5_addr[13] (driver: pin csr/reg_pmp_5_addr_reg_13_/Q)
422.  io_ptw_pmp_5_addr[12] (driver: pin csr/reg_pmp_5_addr_reg_12_/Q)
423.  io_ptw_pmp_5_addr[11] (driver: pin csr/reg_pmp_5_addr_reg_11_/Q)
424.  io_ptw_pmp_5_addr[10] (driver: pin csr/reg_pmp_5_addr_reg_10_/Q)
425.  io_ptw_pmp_5_addr[9] (driver: pin csr/reg_pmp_5_addr_reg_9_/Q)
426.  io_ptw_pmp_5_addr[8] (driver: pin csr/reg_pmp_5_addr_reg_8_/Q)
427.  io_ptw_pmp_5_addr[7] (driver: pin csr/reg_pmp_5_addr_reg_7_/Q)
428.  io_ptw_pmp_5_addr[6] (driver: pin csr/reg_pmp_5_addr_reg_6_/Q)
429.  io_ptw_pmp_5_addr[5] (driver: pin csr/reg_pmp_5_addr_reg_5_/Q)
430.  io_ptw_pmp_5_addr[4] (driver: pin csr/reg_pmp_5_addr_reg_4_/Q)
431.  io_ptw_pmp_5_addr[3] (driver: pin csr/reg_pmp_5_addr_reg_3_/Q)
432.  io_ptw_pmp_5_addr[2] (driver: pin csr/reg_pmp_5_addr_reg_2_/Q)
433.  io_ptw_pmp_5_addr[1] (driver: pin csr/reg_pmp_5_addr_reg_1_/Q)
434.  io_ptw_pmp_5_addr[0] (driver: pin csr/reg_pmp_5_addr_reg_0_/Q)
435.  io_ptw_pmp_5_mask[1] (driver: pin U6241/ZN)
436.  io_ptw_pmp_5_mask[0] (driver: pin U6239/ZN)
437.  io_ptw_pmp_6_cfg_l (driver: pin csr/reg_pmp_6_cfg_l_reg/Q)
438.  io_ptw_pmp_6_cfg_a[1] (driver: pin csr/reg_pmp_6_cfg_a_reg_1_/Q)
439.  io_ptw_pmp_6_cfg_a[0] (driver: pin csr/reg_pmp_6_cfg_a_reg_0_/Q)
440.  io_ptw_pmp_6_cfg_x (driver: pin csr/reg_pmp_6_cfg_x_reg/Q)
441.  io_ptw_pmp_6_cfg_w (driver: pin csr/reg_pmp_6_cfg_w_reg/Q)
442.  io_ptw_pmp_6_cfg_r (driver: pin csr/reg_pmp_6_cfg_r_reg/Q)
443.  io_ptw_pmp_6_addr[29] (driver: pin csr/reg_pmp_6_addr_reg_29_/Q)
444.  io_ptw_pmp_6_addr[28] (driver: pin csr/reg_pmp_6_addr_reg_28_/Q)
445.  io_ptw_pmp_6_addr[27] (driver: pin csr/reg_pmp_6_addr_reg_27_/Q)
446.  io_ptw_pmp_6_addr[26] (driver: pin csr/reg_pmp_6_addr_reg_26_/Q)
447.  io_ptw_pmp_6_addr[25] (driver: pin csr/reg_pmp_6_addr_reg_25_/Q)
448.  io_ptw_pmp_6_addr[24] (driver: pin csr/reg_pmp_6_addr_reg_24_/Q)
449.  io_ptw_pmp_6_addr[23] (driver: pin csr/reg_pmp_6_addr_reg_23_/Q)
450.  io_ptw_pmp_6_addr[22] (driver: pin csr/reg_pmp_6_addr_reg_22_/Q)
451.  io_ptw_pmp_6_addr[21] (driver: pin csr/reg_pmp_6_addr_reg_21_/Q)
452.  io_ptw_pmp_6_addr[20] (driver: pin csr/reg_pmp_6_addr_reg_20_/Q)
453.  io_ptw_pmp_6_addr[19] (driver: pin csr/reg_pmp_6_addr_reg_19_/Q)
454.  io_ptw_pmp_6_addr[18] (driver: pin csr/reg_pmp_6_addr_reg_18_/Q)
455.  io_ptw_pmp_6_addr[17] (driver: pin csr/reg_pmp_6_addr_reg_17_/Q)
456.  io_ptw_pmp_6_addr[16] (driver: pin csr/reg_pmp_6_addr_reg_16_/Q)
457.  io_ptw_pmp_6_addr[15] (driver: pin csr/reg_pmp_6_addr_reg_15_/Q)
458.  io_ptw_pmp_6_addr[14] (driver: pin csr/reg_pmp_6_addr_reg_14_/Q)
459.  io_ptw_pmp_6_addr[13] (driver: pin csr/reg_pmp_6_addr_reg_13_/Q)
460.  io_ptw_pmp_6_addr[12] (driver: pin csr/reg_pmp_6_addr_reg_12_/Q)
461.  io_ptw_pmp_6_addr[11] (driver: pin csr/reg_pmp_6_addr_reg_11_/Q)
462.  io_ptw_pmp_6_addr[10] (driver: pin csr/reg_pmp_6_addr_reg_10_/Q)
463.  io_ptw_pmp_6_addr[9] (driver: pin csr/reg_pmp_6_addr_reg_9_/Q)
464.  io_ptw_pmp_6_addr[8] (driver: pin csr/reg_pmp_6_addr_reg_8_/Q)
465.  io_ptw_pmp_6_addr[7] (driver: pin csr/reg_pmp_6_addr_reg_7_/Q)
466.  io_ptw_pmp_6_addr[6] (driver: pin csr/reg_pmp_6_addr_reg_6_/Q)
467.  io_ptw_pmp_6_addr[5] (driver: pin csr/reg_pmp_6_addr_reg_5_/Q)
468.  io_ptw_pmp_6_addr[4] (driver: pin csr/reg_pmp_6_addr_reg_4_/Q)
469.  io_ptw_pmp_6_addr[3] (driver: pin csr/reg_pmp_6_addr_reg_3_/Q)
470.  io_ptw_pmp_6_addr[2] (driver: pin csr/reg_pmp_6_addr_reg_2_/Q)
471.  io_ptw_pmp_6_addr[1] (driver: pin csr/reg_pmp_6_addr_reg_1_/Q)
472.  io_ptw_pmp_6_addr[0] (driver: pin csr/reg_pmp_6_addr_reg_0_/Q)
473.  io_ptw_pmp_6_mask[1] (driver: pin U6237/ZN)
474.  io_ptw_pmp_6_mask[0] (driver: pin U6235/ZN)
475.  io_ptw_pmp_7_cfg_l (driver: pin csr/reg_pmp_7_cfg_l_reg/Q)
476.  io_ptw_pmp_7_cfg_a[1] (driver: pin csr/reg_pmp_7_cfg_a_reg_1_/Q)
477.  io_ptw_pmp_7_cfg_a[0] (driver: pin csr/reg_pmp_7_cfg_a_reg_0_/Q)
478.  io_ptw_pmp_7_cfg_x (driver: pin csr/reg_pmp_7_cfg_x_reg/Q)
479.  io_ptw_pmp_7_cfg_w (driver: pin csr/reg_pmp_7_cfg_w_reg/Q)
480.  io_ptw_pmp_7_cfg_r (driver: pin csr/reg_pmp_7_cfg_r_reg/Q)
481.  io_ptw_pmp_7_addr[29] (driver: pin csr/reg_pmp_7_addr_reg_29_/Q)
482.  io_ptw_pmp_7_addr[28] (driver: pin csr/reg_pmp_7_addr_reg_28_/Q)
483.  io_ptw_pmp_7_addr[27] (driver: pin csr/reg_pmp_7_addr_reg_27_/Q)
484.  io_ptw_pmp_7_addr[26] (driver: pin csr/reg_pmp_7_addr_reg_26_/Q)
485.  io_ptw_pmp_7_addr[25] (driver: pin csr/reg_pmp_7_addr_reg_25_/Q)
486.  io_ptw_pmp_7_addr[24] (driver: pin csr/reg_pmp_7_addr_reg_24_/Q)
487.  io_ptw_pmp_7_addr[23] (driver: pin csr/reg_pmp_7_addr_reg_23_/Q)
488.  io_ptw_pmp_7_addr[22] (driver: pin csr/reg_pmp_7_addr_reg_22_/Q)
489.  io_ptw_pmp_7_addr[21] (driver: pin csr/reg_pmp_7_addr_reg_21_/Q)
490.  io_ptw_pmp_7_addr[20] (driver: pin csr/reg_pmp_7_addr_reg_20_/Q)
491.  io_ptw_pmp_7_addr[19] (driver: pin csr/reg_pmp_7_addr_reg_19_/Q)
492.  io_ptw_pmp_7_addr[18] (driver: pin csr/reg_pmp_7_addr_reg_18_/Q)
493.  io_ptw_pmp_7_addr[17] (driver: pin csr/reg_pmp_7_addr_reg_17_/Q)
494.  io_ptw_pmp_7_addr[16] (driver: pin csr/reg_pmp_7_addr_reg_16_/Q)
495.  io_ptw_pmp_7_addr[15] (driver: pin csr/reg_pmp_7_addr_reg_15_/Q)
496.  io_ptw_pmp_7_addr[14] (driver: pin csr/reg_pmp_7_addr_reg_14_/Q)
497.  io_ptw_pmp_7_addr[13] (driver: pin csr/reg_pmp_7_addr_reg_13_/Q)
498.  io_ptw_pmp_7_addr[12] (driver: pin csr/reg_pmp_7_addr_reg_12_/Q)
499.  io_ptw_pmp_7_addr[11] (driver: pin csr/reg_pmp_7_addr_reg_11_/Q)
500.  io_ptw_pmp_7_addr[10] (driver: pin csr/reg_pmp_7_addr_reg_10_/Q)
501.  io_ptw_pmp_7_addr[9] (driver: pin csr/reg_pmp_7_addr_reg_9_/Q)
502.  io_ptw_pmp_7_addr[8] (driver: pin csr/reg_pmp_7_addr_reg_8_/Q)
503.  io_ptw_pmp_7_addr[7] (driver: pin csr/reg_pmp_7_addr_reg_7_/Q)
504.  io_ptw_pmp_7_addr[6] (driver: pin csr/reg_pmp_7_addr_reg_6_/Q)
505.  io_ptw_pmp_7_addr[5] (driver: pin csr/reg_pmp_7_addr_reg_5_/Q)
506.  io_ptw_pmp_7_addr[4] (driver: pin csr/reg_pmp_7_addr_reg_4_/Q)
507.  io_ptw_pmp_7_addr[3] (driver: pin csr/reg_pmp_7_addr_reg_3_/Q)
508.  io_ptw_pmp_7_addr[2] (driver: pin csr/reg_pmp_7_addr_reg_2_/Q)
509.  io_ptw_pmp_7_addr[1] (driver: pin csr/reg_pmp_7_addr_reg_1_/Q)
510.  io_ptw_pmp_7_addr[0] (driver: pin csr/reg_pmp_7_addr_reg_0_/Q)
511.  io_ptw_pmp_7_mask[1] (driver: pin U6233/ZN)
512.  io_ptw_pmp_7_mask[0] (driver: pin U6231/ZN)
513.  io_ptw_customCSRs_csrs_0_value[31] (driver: pin U6229/ZN)
514.  io_ptw_customCSRs_csrs_0_value[30] (driver: pin U6227/ZN)
515.  io_ptw_customCSRs_csrs_0_value[29] (driver: pin U6225/ZN)
516.  io_ptw_customCSRs_csrs_0_value[28] (driver: pin U6223/ZN)
517.  io_ptw_customCSRs_csrs_0_value[27] (driver: pin U6221/ZN)
518.  io_ptw_customCSRs_csrs_0_value[26] (driver: pin U6219/ZN)
519.  io_ptw_customCSRs_csrs_0_value[25] (driver: pin U6217/ZN)
520.  io_ptw_customCSRs_csrs_0_value[24] (driver: pin U6215/ZN)
521.  io_ptw_customCSRs_csrs_0_value[23] (driver: pin U6213/ZN)
522.  io_ptw_customCSRs_csrs_0_value[22] (driver: pin U6211/ZN)
523.  io_ptw_customCSRs_csrs_0_value[21] (driver: pin U6209/ZN)
524.  io_ptw_customCSRs_csrs_0_value[20] (driver: pin U6207/ZN)
525.  io_ptw_customCSRs_csrs_0_value[19] (driver: pin U6205/ZN)
526.  io_ptw_customCSRs_csrs_0_value[18] (driver: pin U6203/ZN)
527.  io_ptw_customCSRs_csrs_0_value[17] (driver: pin U6201/ZN)
528.  io_ptw_customCSRs_csrs_0_value[16] (driver: pin U6199/ZN)
529.  io_ptw_customCSRs_csrs_0_value[15] (driver: pin U6197/ZN)
530.  io_ptw_customCSRs_csrs_0_value[14] (driver: pin U6195/ZN)
531.  io_ptw_customCSRs_csrs_0_value[13] (driver: pin U6193/ZN)
532.  io_ptw_customCSRs_csrs_0_value[12] (driver: pin U6191/ZN)
533.  io_ptw_customCSRs_csrs_0_value[11] (driver: pin U6189/ZN)
534.  io_ptw_customCSRs_csrs_0_value[10] (driver: pin U6187/ZN)
535.  io_ptw_customCSRs_csrs_0_value[9] (driver: pin U6185/ZN)
536.  io_ptw_customCSRs_csrs_0_value[8] (driver: pin U6183/ZN)
537.  io_ptw_customCSRs_csrs_0_value[7] (driver: pin U6181/ZN)
538.  io_ptw_customCSRs_csrs_0_value[6] (driver: pin U6179/ZN)
539.  io_ptw_customCSRs_csrs_0_value[5] (driver: pin U6177/ZN)
540.  io_ptw_customCSRs_csrs_0_value[4] (driver: pin U6175/ZN)
541.  io_ptw_customCSRs_csrs_0_value[3] (driver: pin csr/reg_custom_0_reg_3_/Q)
542.  io_ptw_customCSRs_csrs_0_value[2] (driver: pin U6173/ZN)
543.  io_ptw_customCSRs_csrs_0_value[1] (driver: pin U6171/ZN)
544.  io_ptw_customCSRs_csrs_0_value[0] (driver: pin U6169/ZN)
545.  io_rocc_cmd_valid (driver: pin U6167/ZN)
546.  io_wfi (driver: pin csr/reg_wfi_reg/Q)
547.  wb_reg_replay (driver: pin wb_reg_replay_reg/Q)
548.  wb_reg_valid (driver: pin wb_reg_valid_reg/Q)
549.  wb_ctrl_mem (driver: pin wb_ctrl_mem_reg/Q)
550.  wb_reg_xcpt (driver: pin wb_reg_xcpt_reg/Q)
551.  mem_reg_xcpt (driver: pin mem_reg_xcpt_reg/Q)
552.  mem_ctrl_branch (driver: pin mem_ctrl_branch_reg/Q)
553.  mem_br_taken (driver: pin mem_br_taken_reg/Q)
554.  mem_ctrl_jalr (driver: pin mem_ctrl_jalr_reg/Q)
555.  mem_ctrl_jal (driver: pin mem_ctrl_jal_reg/Q)
556.  mem_reg_valid (driver: pin mem_reg_valid_reg/Q)
557.  id_reg_fence (driver: pin id_reg_fence_reg/Q)
558.  ex_reg_inst_31_ (driver: pin ex_reg_inst_reg_31_/Q)
559.  ex_reg_valid (driver: pin ex_reg_valid_reg/Q)
560.  ex_ctrl_wxd (driver: pin ex_ctrl_wxd_reg/Q)
561.  mem_ctrl_wxd (driver: pin mem_ctrl_wxd_reg/Q)
562.  mem_ctrl_mem (driver: pin mem_ctrl_mem_reg/Q)
563.  ex_reg_rs_bypass_1 (driver: pin ex_reg_rs_bypass_1_reg/Q)
564.  ex_reg_rs_bypass_0 (driver: pin ex_reg_rs_bypass_0_reg/Q)
565.  ex_reg_rvc (driver: pin ex_reg_rvc_reg/Q)
566.  ex_ctrl_jalr (driver: pin ex_ctrl_jalr_reg/Q)
567.  ex_ctrl_mem (driver: pin ex_ctrl_mem_reg/Q)
568.  ex_ctrl_div (driver: pin ex_ctrl_div_reg/Q)
569.  mem_reg_slow_bypass (driver: pin mem_reg_slow_bypass_reg/Q)
570.  mem_ctrl_div (driver: pin mem_ctrl_div_reg/Q)
571.  wb_ctrl_wxd (driver: pin wb_ctrl_wxd_reg/Q)
572.  blocked (driver: pin blocked_reg/Q)
573.  id_reg_pause (driver: pin id_reg_pause_reg/Q)
574.  ex_reg_replay (driver: pin ex_reg_replay_reg/Q)
575.  ex_reg_xcpt_interrupt (driver: pin ex_reg_xcpt_interrupt_reg/Q)
576.  ex_reg_load_use (driver: pin ex_reg_load_use_reg/Q)
577.  ex_reg_xcpt (driver: pin ex_reg_xcpt_reg/Q)
578.  mem_reg_replay (driver: pin mem_reg_replay_reg/Q)
579.  mem_reg_xcpt_interrupt (driver: pin mem_reg_xcpt_interrupt_reg/Q)
580.  mem_br_target_hi_lo_hi_7_ (driver: pin mem_reg_inst_reg_31_/Q)
581.  n_mem_br_target_T_5_11 (driver: pin mem_reg_inst_reg_20_/Q)
582.  mem_reg_rvc (driver: pin mem_reg_rvc_reg/Q)
583.  mem_br_target_0_ (driver: pin mem_reg_pc_reg_0_/Q)
584.  ex_ctrl_fence_i (driver: pin ex_ctrl_fence_i_reg/Q)
585.  ex_reg_flush_pipe (driver: pin ex_reg_flush_pipe_reg/Q)
586.  mem_reg_load (driver: pin mem_reg_load_reg/Q)
587.  mem_reg_store (driver: pin mem_reg_store_reg/Q)
588.  csr_io_inhibit_cycle (driver: pin csr/reg_mcountinhibit_reg_0_/Q)
589.  csr_io_bp_0_control_action (driver: pin csr/reg_bp_0_control_action_reg/Q)
590.  csr_io_bp_0_control_x (driver: pin csr/reg_bp_0_control_x_reg/Q)
591.  csr_io_bp_0_control_w (driver: pin csr/reg_bp_0_control_w_reg/Q)
592.  csr_io_bp_0_control_r (driver: pin csr/reg_bp_0_control_r_reg/Q)
593.  wb_ctrl_fence_i (driver: pin wb_ctrl_fence_i_reg/Q)
594.  div_io_kill_REG (driver: pin div_io_kill_REG_reg/Q)
595.  ex_ctrl_branch (driver: pin ex_ctrl_branch_reg/Q)
596.  ex_ctrl_jal (driver: pin ex_ctrl_jal_reg/Q)
597.  ex_ctrl_rxs2 (driver: pin ex_ctrl_rxs2_reg/Q)
598.  mem_reg_flush_pipe (driver: pin mem_reg_flush_pipe_reg/Q)
599.  mem_ctrl_fence_i (driver: pin mem_ctrl_fence_i_reg/Q)
600.  mem_reg_cause_31_ (driver: pin mem_reg_cause_reg_31_/Q)
601.  n5305 (driver: pin ex_reg_rs_bypass_1_reg/QN)
602.  n11136 (driver: pin ex_reg_rs_lsb_1_reg_0_/QN)
603.  n11137 (driver: pin mem_reg_wdata_reg_12_/QN)
604.  n11138 (driver: pin ex_ctrl_sel_alu1_reg_0_/QN)
605.  n11139 (driver: pin u_r_reg_13_/QN)
606.  n11140 (driver: pin u_r_reg_5_/QN)
607.  n11141 (driver: pin mem_reg_xcpt_reg/QN)
608.  n11142 (driver: pin wb_reg_valid_reg/QN)
609.  n11143 (driver: pin ex_ctrl_csr_reg_1_/QN)
610.  n11144 (driver: pin ex_ctrl_div_reg/QN)
611.  n11145 (driver: pin mem_ctrl_div_reg/QN)
612.  n11146 (driver: pin mem_ctrl_csr_reg_1_/QN)
613.  n11147 (driver: pin ex_ctrl_alu_fn_reg_1_/QN)
614.  n11148 (driver: pin ex_ctrl_sel_imm_reg_2_/QN)
615.  n11149 (driver: pin ex_ctrl_sel_imm_reg_1_/QN)
616.  n11150 (driver: pin ex_ctrl_sel_imm_reg_0_/QN)
617.  n11151 (driver: pin ex_reg_rs_lsb_0_reg_1_/QN)
618.  n11152 (driver: pin ex_reg_inst_reg_20_/QN)
619.  n11153 (driver: pin ex_reg_rs_lsb_0_reg_0_/QN)
620.  n11154 (driver: pin ex_ctrl_sel_alu2_reg_0_/QN)
621.  n11155 (driver: pin ex_reg_rs_lsb_1_reg_1_/QN)
622.  n11156 (driver: pin wb_reg_wdata_reg_3_/QN)
623.  n11157 (driver: pin ex_reg_inst_reg_15_/QN)
624.  n11158 (driver: pin mem_reg_wdata_reg_2_/QN)
625.  n11159 (driver: pin ex_ctrl_sel_alu1_reg_1_/QN)
626.  n11160 (driver: pin mem_reg_wdata_reg_8_/QN)
627.  n11161 (driver: pin ex_reg_rs_msb_1_reg_11_/QN)
628.  n11162 (driver: pin mem_reg_wdata_reg_9_/QN)
629.  n11163 (driver: pin mem_reg_wdata_reg_5_/QN)
630.  n11164 (driver: pin mem_reg_wdata_reg_11_/QN)
631.  n11165 (driver: pin mem_reg_wdata_reg_6_/QN)
632.  n11166 (driver: pin wb_reg_wdata_reg_6_/QN)
633.  n11167 (driver: pin wb_reg_wdata_reg_19_/QN)
634.  n11168 (driver: pin ex_ctrl_sel_alu2_reg_1_/QN)
635.  n11169 (driver: pin ex_reg_rs_msb_1_reg_10_/QN)
636.  n11170 (driver: pin mem_reg_wdata_reg_20_/QN)
637.  n11171 (driver: pin wb_reg_wdata_reg_20_/QN)
638.  n11172 (driver: pin ex_reg_rs_msb_1_reg_8_/QN)
639.  n11173 (driver: pin wb_reg_wdata_reg_11_/QN)
640.  n11174 (driver: pin ex_reg_rs_msb_1_reg_6_/QN)
641.  n11175 (driver: pin ex_reg_rs_msb_1_reg_17_/QN)
642.  n11176 (driver: pin ex_reg_rs_msb_1_reg_12_/QN)
643.  n11177 (driver: pin ex_reg_rs_msb_0_reg_29_/QN)
644.  n11178 (driver: pin ex_reg_inst_reg_7_/QN)
645.  n11179 (driver: pin ex_reg_rs_msb_1_reg_19_/QN)
646.  n11180 (driver: pin wb_reg_wdata_reg_23_/QN)
647.  n11181 (driver: pin wb_reg_wdata_reg_0_/QN)
648.  n11183 (driver: pin ex_reg_rs_msb_1_reg_16_/QN)
649.  n11184 (driver: pin ex_reg_rs_msb_0_reg_9_/QN)
650.  n11185 (driver: pin wb_reg_wdata_reg_1_/QN)
651.  n11186 (driver: pin ex_reg_rs_msb_0_reg_7_/QN)
652.  n11187 (driver: pin ex_reg_inst_reg_18_/QN)
653.  n11188 (driver: pin ex_reg_inst_reg_23_/QN)
654.  n11189 (driver: pin ex_reg_rs_msb_1_reg_20_/QN)
655.  n11190 (driver: pin ex_reg_inst_reg_21_/QN)
656.  n11191 (driver: pin ex_reg_inst_reg_16_/QN)
657.  n11192 (driver: pin mem_reg_wdata_reg_27_/QN)
658.  n11193 (driver: pin mem_reg_wdata_reg_0_/QN)
659.  n11194 (driver: pin mem_reg_wdata_reg_3_/QN)
660.  n11195 (driver: pin mem_reg_wdata_reg_1_/QN)
661.  n11196 (driver: pin ex_reg_rvc_reg/QN)
662.  n11197 (driver: pin ex_reg_rs_msb_0_reg_19_/QN)
663.  n11198 (driver: pin mem_reg_wdata_reg_14_/QN)
664.  n11199 (driver: pin wb_reg_wdata_reg_27_/QN)
665.  n11200 (driver: pin ex_reg_rs_msb_0_reg_1_/QN)
666.  n11201 (driver: pin ex_reg_rs_msb_0_reg_11_/QN)
667.  n11202 (driver: pin ex_reg_rs_msb_0_reg_15_/QN)
668.  n11203 (driver: pin ex_reg_rs_msb_0_reg_13_/QN)
669.  n11204 (driver: pin ex_reg_rs_msb_0_reg_12_/QN)
670.  n11205 (driver: pin ex_reg_rs_msb_0_reg_8_/QN)
671.  n11206 (driver: pin ex_reg_rs_msb_0_reg_17_/QN)
672.  n11207 (driver: pin ex_reg_rs_msb_0_reg_3_/QN)
673.  n11208 (driver: pin ex_reg_rs_msb_0_reg_6_/QN)
674.  n11209 (driver: pin ex_reg_inst_reg_24_/QN)
675.  n11210 (driver: pin ex_reg_rs_msb_0_reg_4_/QN)
676.  n11211 (driver: pin wb_reg_wdata_reg_7_/QN)
677.  n11212 (driver: pin ex_reg_inst_reg_17_/QN)
678.  n11213 (driver: pin ex_reg_inst_reg_22_/QN)
679.  n11214 (driver: pin mem_reg_wdata_reg_25_/QN)
680.  n11215 (driver: pin ex_reg_inst_reg_19_/QN)
681.  n11216 (driver: pin mem_reg_wdata_reg_31_/QN)
682.  n11217 (driver: pin ex_reg_rs_msb_0_reg_5_/QN)
683.  n11218 (driver: pin ex_reg_rs_msb_1_reg_25_/QN)
684.  n11219 (driver: pin ex_reg_rs_msb_0_reg_10_/QN)
685.  n11220 (driver: pin ex_reg_rs_msb_0_reg_0_/QN)
686.  n11221 (driver: pin mem_reg_wdata_reg_13_/QN)
687.  n11222 (driver: pin ex_reg_rs_msb_0_reg_18_/QN)
688.  n11223 (driver: pin wb_reg_wdata_reg_4_/QN)
689.  n11224 (driver: pin ex_reg_rs_msb_0_reg_14_/QN)
690.  n11225 (driver: pin ex_reg_rs_msb_0_reg_20_/QN)
691.  n11226 (driver: pin ex_reg_rs_msb_0_reg_21_/QN)
692.  n11227 (driver: pin ex_reg_rs_msb_0_reg_2_/QN)
693.  n11228 (driver: pin mem_reg_wdata_reg_30_/QN)
694.  n11229 (driver: pin ex_reg_inst_reg_13_/QN)
695.  n11230 (driver: pin mem_reg_wdata_reg_10_/QN)
696.  n11231 (driver: pin ex_reg_rs_msb_1_reg_23_/QN)
697.  n11233 (driver: pin ex_reg_rs_msb_0_reg_16_/QN)
698.  n11234 (driver: pin ex_reg_inst_reg_12_/QN)
699.  n11235 (driver: pin ex_reg_rs_msb_0_reg_23_/QN)
700.  n11236 (driver: pin ex_reg_rs_msb_0_reg_22_/QN)
701.  n11237 (driver: pin ex_reg_rs_msb_0_reg_24_/QN)
702.  n11238 (driver: pin ex_reg_rs_msb_1_reg_24_/QN)
703.  n11239 (driver: pin wb_reg_wdata_reg_29_/QN)
704.  n11240 (driver: pin ex_reg_rs_msb_0_reg_28_/QN)
705.  n11241 (driver: pin ex_reg_rs_msb_0_reg_26_/QN)
706.  n11242 (driver: pin ex_reg_rs_msb_0_reg_27_/QN)
707.  n11243 (driver: pin ex_reg_rs_msb_0_reg_25_/QN)
708.  n11244 (driver: pin ex_reg_rs_msb_1_reg_22_/QN)
709.  n11245 (driver: pin mem_reg_wdata_reg_7_/QN)
710.  n11246 (driver: pin mem_reg_wdata_reg_22_/QN)
711.  n11247 (driver: pin ex_reg_rs_msb_1_reg_26_/QN)
712.  n11248 (driver: pin ex_reg_rs_msb_1_reg_28_/QN)
713.  n11249 (driver: pin ex_reg_rs_msb_1_reg_27_/QN)
714.  n11250 (driver: pin mem_reg_wdata_reg_21_/QN)
715.  n11251 (driver: pin mem_reg_wdata_reg_28_/QN)
716.  n11252 (driver: pin mem_ctrl_jal_reg/QN)
717.  n11253 (driver: pin ex_reg_inst_reg_25_/QN)
718.  n11254 (driver: pin mem_reg_wdata_reg_26_/QN)
719.  n11255 (driver: pin mem_reg_wdata_reg_18_/QN)
720.  n11256 (driver: pin ex_reg_inst_reg_27_/QN)
721.  n11257 (driver: pin mem_reg_wdata_reg_15_/QN)
722.  n11258 (driver: pin ex_reg_inst_reg_26_/QN)
723.  n11259 (driver: pin mem_reg_wdata_reg_19_/QN)
724.  n11260 (driver: pin u_r_reg_9_/QN)
725.  n11261 (driver: pin u_r_reg_14_/QN)
726.  n11262 (driver: pin ex_reg_inst_reg_28_/QN)
727.  n11263 (driver: pin u_r_reg_15_/QN)
728.  n11264 (driver: pin u_r_reg_29_/QN)
729.  n11265 (driver: pin u_r_reg_25_/QN)
730.  n11266 (driver: pin u_r_reg_30_/QN)
731.  n11267 (driver: pin u_r_reg_17_/QN)
732.  n11268 (driver: pin ex_reg_inst_reg_29_/QN)
733.  n11269 (driver: pin u_r_reg_12_/QN)
734.  n11270 (driver: pin u_r_reg_21_/QN)
735.  n11271 (driver: pin u_r_reg_19_/QN)
736.  n11272 (driver: pin ex_reg_inst_reg_30_/QN)
737.  n11273 (driver: pin u_r_reg_26_/QN)
738.  n11274 (driver: pin u_r_reg_10_/QN)
739.  n11275 (driver: pin u_r_reg_6_/QN)
740.  n11276 (driver: pin u_r_reg_7_/QN)
741.  n11277 (driver: pin u_r_reg_18_/QN)
742.  n11278 (driver: pin u_r_reg_22_/QN)
743.  n11279 (driver: pin wb_reg_flush_pipe_reg/QN)
744.  n11280 (driver: pin mem_reg_wdata_reg_24_/QN)
745.  n11281 (driver: pin mem_reg_wdata_reg_23_/QN)
746.  n11282 (driver: pin wb_ctrl_div_reg/QN)
747.  n11283 (driver: pin mem_reg_wdata_reg_16_/QN)
748.  n11284 (driver: pin mem_reg_wdata_reg_4_/QN)
749.  n11285 (driver: pin mem_reg_wdata_reg_29_/QN)
750.  n11286 (driver: pin wb_reg_cause_reg_0_/QN)
751.  n11287 (driver: pin u_r_reg_11_/QN)
752.  n11288 (driver: pin u_r_reg_27_/QN)
753.  n11289 (driver: pin ex_ctrl_csr_reg_0_/QN)
754.  n11290 (driver: pin wb_reg_cause_reg_3_/QN)
755.  n11291 (driver: pin mem_reg_inst_reg_31_/QN)
756.  n11292 (driver: pin mem_reg_wdata_reg_17_/QN)
757.  n11293 (driver: pin mem_reg_rvc_reg/QN)
758.  n11294 (driver: pin wb_reg_xcpt_reg/QN)
759.  n11295 (driver: pin ex_reg_valid_reg/QN)
760.  n11296 (driver: pin ex_ctrl_csr_reg_2_/QN)
761.  n11297 (driver: pin mem_reg_inst_reg_8_/QN)
762.  n11298 (driver: pin mem_reg_inst_reg_11_/QN)
763.  n11299 (driver: pin mem_reg_inst_reg_7_/QN)
764.  n11300 (driver: pin mem_reg_valid_reg/QN)
765.  n11301 (driver: pin mem_reg_inst_reg_10_/QN)
766.  n11302 (driver: pin mem_ctrl_csr_reg_2_/QN)
767.  n11303 (driver: pin id_reg_fence_reg/QN)
768.  n11304 (driver: pin mem_reg_inst_reg_9_/QN)
769.  n11305 (driver: pin mem_ctrl_csr_reg_0_/QN)
770.  n11306 (driver: pin wb_reg_wdata_reg_12_/QN)
771.  n11307 (driver: pin wb_reg_wdata_reg_2_/QN)
772.  n11308 (driver: pin rf_reg_28__27_/QN)
773.  n11309 (driver: pin rf_reg_28__29_/QN)
774.  n11310 (driver: pin rf_reg_28__9_/QN)
775.  n11311 (driver: pin rf_reg_28__11_/QN)
776.  n11312 (driver: pin rf_reg_28__15_/QN)
777.  n11313 (driver: pin rf_reg_28__25_/QN)
778.  n11314 (driver: pin rf_reg_28__17_/QN)
779.  n11315 (driver: pin rf_reg_28__13_/QN)
780.  n11316 (driver: pin rf_reg_28__19_/QN)
781.  n11317 (driver: pin rf_reg_28__21_/QN)
782.  n11318 (driver: pin rf_reg_28__23_/QN)
783.  n11319 (driver: pin rf_reg_28__31_/QN)
784.  n11320 (driver: pin rf_reg_28__8_/QN)
785.  n11321 (driver: pin rf_reg_28__16_/QN)
786.  n11322 (driver: pin rf_reg_28__10_/QN)
787.  n11323 (driver: pin rf_reg_28__12_/QN)
788.  n11324 (driver: pin rf_reg_28__14_/QN)
789.  n11325 (driver: pin rf_reg_28__18_/QN)
790.  n11326 (driver: pin rf_reg_28__20_/QN)
791.  n11327 (driver: pin rf_reg_28__22_/QN)
792.  n11328 (driver: pin rf_reg_28__24_/QN)
793.  n11329 (driver: pin rf_reg_28__26_/QN)
794.  n11330 (driver: pin rf_reg_28__28_/QN)
795.  n11331 (driver: pin rf_reg_28__5_/QN)
796.  n11332 (driver: pin rf_reg_28__3_/QN)
797.  n11333 (driver: pin rf_reg_28__7_/QN)
798.  n11334 (driver: pin rf_reg_28__4_/QN)
799.  n11335 (driver: pin rf_reg_28__2_/QN)
800.  n11336 (driver: pin rf_reg_28__6_/QN)
801.  n11337 (driver: pin rf_reg_28__0_/QN)
802.  n11338 (driver: pin rf_reg_29__0_/QN)
803.  n11339 (driver: pin rf_reg_18__0_/QN)
804.  n11340 (driver: pin rf_reg_4__1_/QN)
805.  n11341 (driver: pin rf_reg_1__0_/QN)
806.  n11342 (driver: pin rf_reg_16__0_/QN)
807.  n11343 (driver: pin rf_reg_10__9_/QN)
808.  n11344 (driver: pin rf_reg_10__11_/QN)
809.  n11345 (driver: pin rf_reg_10__21_/QN)
810.  n11346 (driver: pin rf_reg_10__23_/QN)
811.  n11347 (driver: pin rf_reg_10__25_/QN)
812.  n11348 (driver: pin rf_reg_10__27_/QN)
813.  n11349 (driver: pin rf_reg_10__17_/QN)
814.  n11350 (driver: pin rf_reg_10__26_/QN)
815.  n11351 (driver: pin rf_reg_10__4_/QN)
816.  n11352 (driver: pin rf_reg_10__18_/QN)
817.  n11353 (driver: pin rf_reg_10__22_/QN)
818.  n11354 (driver: pin rf_reg_10__6_/QN)
819.  n11355 (driver: pin rf_reg_10__28_/QN)
820.  n11356 (driver: pin rf_reg_22__9_/QN)
821.  n11357 (driver: pin rf_reg_22__11_/QN)
822.  n11358 (driver: pin rf_reg_22__21_/QN)
823.  n11359 (driver: pin rf_reg_22__23_/QN)
824.  n11360 (driver: pin rf_reg_22__25_/QN)
825.  n11361 (driver: pin rf_reg_22__27_/QN)
826.  n11362 (driver: pin rf_reg_19__9_/QN)
827.  n11363 (driver: pin rf_reg_19__11_/QN)
828.  n11364 (driver: pin rf_reg_19__21_/QN)
829.  n11365 (driver: pin rf_reg_19__23_/QN)
830.  n11366 (driver: pin rf_reg_19__25_/QN)
831.  n11367 (driver: pin rf_reg_19__27_/QN)
832.  n11368 (driver: pin rf_reg_22__17_/QN)
833.  n11369 (driver: pin rf_reg_22__26_/QN)
834.  n11370 (driver: pin rf_reg_19__17_/QN)
835.  n11371 (driver: pin rf_reg_19__26_/QN)
836.  n11372 (driver: pin rf_reg_22__4_/QN)
837.  n11373 (driver: pin rf_reg_22__18_/QN)
838.  n11374 (driver: pin rf_reg_22__22_/QN)
839.  n11375 (driver: pin rf_reg_19__4_/QN)
840.  n11376 (driver: pin rf_reg_19__18_/QN)
841.  n11377 (driver: pin rf_reg_19__22_/QN)
842.  n11378 (driver: pin rf_reg_22__6_/QN)
843.  n11379 (driver: pin rf_reg_22__28_/QN)
844.  n11380 (driver: pin rf_reg_19__6_/QN)
845.  n11381 (driver: pin rf_reg_19__28_/QN)
846.  n11382 (driver: pin rf_reg_23__9_/QN)
847.  n11383 (driver: pin rf_reg_23__21_/QN)
848.  n11384 (driver: pin rf_reg_23__25_/QN)
849.  n11385 (driver: pin rf_reg_23__27_/QN)
850.  n11386 (driver: pin rf_reg_23__11_/QN)
851.  n11387 (driver: pin rf_reg_23__23_/QN)
852.  n11388 (driver: pin rf_reg_23__17_/QN)
853.  n11389 (driver: pin rf_reg_23__26_/QN)
854.  n11390 (driver: pin rf_reg_23__4_/QN)
855.  n11391 (driver: pin rf_reg_23__18_/QN)
856.  n11392 (driver: pin rf_reg_23__22_/QN)
857.  n11393 (driver: pin rf_reg_23__6_/QN)
858.  n11394 (driver: pin rf_reg_23__28_/QN)
859.  n11395 (driver: pin rf_reg_1__1_/QN)
860.  n11396 (driver: pin rf_reg_24__29_/QN)
861.  n11397 (driver: pin rf_reg_24__27_/QN)
862.  n11398 (driver: pin rf_reg_18__1_/QN)
863.  n11399 (driver: pin rf_reg_17__1_/QN)
864.  n11400 (driver: pin rf_reg_17__30_/QN)
865.  n11401 (driver: pin rf_reg_15__9_/QN)
866.  n11402 (driver: pin rf_reg_15__21_/QN)
867.  n11403 (driver: pin rf_reg_15__25_/QN)
868.  n11404 (driver: pin rf_reg_15__27_/QN)
869.  n11405 (driver: pin rf_reg_15__4_/QN)
870.  n11406 (driver: pin rf_reg_15__6_/QN)
871.  n11407 (driver: pin rf_reg_15__18_/QN)
872.  n11408 (driver: pin rf_reg_15__22_/QN)
873.  n11409 (driver: pin rf_reg_15__28_/QN)
874.  n11410 (driver: pin rf_reg_6__1_/QN)
875.  n11411 (driver: pin rf_reg_15__11_/QN)
876.  n11412 (driver: pin rf_reg_15__17_/QN)
877.  n11413 (driver: pin rf_reg_15__23_/QN)
878.  n11414 (driver: pin rf_reg_15__26_/QN)
879.  n11415 (driver: pin rf_reg_24__3_/QN)
880.  n11416 (driver: pin rf_reg_24__5_/QN)
881.  n11417 (driver: pin rf_reg_24__11_/QN)
882.  n11418 (driver: pin rf_reg_24__15_/QN)
883.  n11419 (driver: pin rf_reg_24__7_/QN)
884.  n11420 (driver: pin rf_reg_24__19_/QN)
885.  n11421 (driver: pin rf_reg_24__21_/QN)
886.  n11422 (driver: pin rf_reg_24__23_/QN)
887.  n11423 (driver: pin rf_reg_24__25_/QN)
888.  n11424 (driver: pin rf_reg_24__31_/QN)
889.  n11425 (driver: pin rf_reg_24__9_/QN)
890.  n11426 (driver: pin rf_reg_24__13_/QN)
891.  n11427 (driver: pin rf_reg_24__17_/QN)
892.  n11428 (driver: pin rf_reg_6__30_/QN)
893.  n11429 (driver: pin rf_reg_24__2_/QN)
894.  n11430 (driver: pin rf_reg_24__6_/QN)
895.  n11431 (driver: pin rf_reg_24__10_/QN)
896.  n11432 (driver: pin rf_reg_24__12_/QN)
897.  n11433 (driver: pin rf_reg_24__14_/QN)
898.  n11434 (driver: pin rf_reg_24__16_/QN)
899.  n11435 (driver: pin rf_reg_24__20_/QN)
900.  n11436 (driver: pin rf_reg_24__24_/QN)
901.  n11437 (driver: pin rf_reg_24__28_/QN)
902.  n11438 (driver: pin rf_reg_24__4_/QN)
903.  n11439 (driver: pin rf_reg_24__8_/QN)
904.  n11440 (driver: pin rf_reg_24__18_/QN)
905.  n11441 (driver: pin rf_reg_24__22_/QN)
906.  n11442 (driver: pin rf_reg_24__26_/QN)
907.  n11443 (driver: pin rf_reg_16__1_/QN)
908.  n11444 (driver: pin rf_reg_8__27_/QN)
909.  n11445 (driver: pin rf_reg_8__29_/QN)
910.  n11446 (driver: pin rf_reg_30__1_/QN)
911.  n11447 (driver: pin rf_reg_30__30_/QN)
912.  n11448 (driver: pin rf_reg_13__1_/QN)
913.  n11449 (driver: pin rf_reg_18__9_/QN)
914.  n11450 (driver: pin rf_reg_18__21_/QN)
915.  n11451 (driver: pin rf_reg_18__25_/QN)
916.  n11452 (driver: pin rf_reg_18__27_/QN)
917.  n11453 (driver: pin rf_reg_18__11_/QN)
918.  n11454 (driver: pin rf_reg_18__23_/QN)
919.  n11455 (driver: pin rf_reg_18__17_/QN)
920.  n11456 (driver: pin rf_reg_18__26_/QN)
921.  n11457 (driver: pin rf_reg_18__4_/QN)
922.  n11458 (driver: pin rf_reg_18__18_/QN)
923.  n11459 (driver: pin rf_reg_18__22_/QN)
924.  n11460 (driver: pin rf_reg_18__6_/QN)
925.  n11461 (driver: pin rf_reg_18__28_/QN)
926.  n11462 (driver: pin rf_reg_24__0_/QN)
927.  n11463 (driver: pin rf_reg_8__3_/QN)
928.  n11464 (driver: pin rf_reg_8__5_/QN)
929.  n11465 (driver: pin rf_reg_8__9_/QN)
930.  n11466 (driver: pin rf_reg_8__11_/QN)
931.  n11467 (driver: pin rf_reg_8__7_/QN)
932.  n11468 (driver: pin rf_reg_8__13_/QN)
933.  n11469 (driver: pin rf_reg_8__21_/QN)
934.  n11470 (driver: pin rf_reg_8__23_/QN)
935.  n11471 (driver: pin rf_reg_8__25_/QN)
936.  n11472 (driver: pin rf_reg_8__31_/QN)
937.  n11473 (driver: pin rf_reg_8__15_/QN)
938.  n11474 (driver: pin rf_reg_8__17_/QN)
939.  n11475 (driver: pin rf_reg_8__19_/QN)
940.  n11476 (driver: pin rf_reg_8__4_/QN)
941.  n11477 (driver: pin rf_reg_8__2_/QN)
942.  n11478 (driver: pin rf_reg_8__12_/QN)
943.  n11479 (driver: pin rf_reg_8__14_/QN)
944.  n11480 (driver: pin rf_reg_8__16_/QN)
945.  n11481 (driver: pin rf_reg_8__18_/QN)
946.  n11482 (driver: pin rf_reg_8__20_/QN)
947.  n11483 (driver: pin rf_reg_8__22_/QN)
948.  n11484 (driver: pin rf_reg_8__8_/QN)
949.  n11485 (driver: pin rf_reg_8__6_/QN)
950.  n11486 (driver: pin rf_reg_8__10_/QN)
951.  n11487 (driver: pin rf_reg_8__24_/QN)
952.  n11488 (driver: pin rf_reg_8__26_/QN)
953.  n11489 (driver: pin rf_reg_8__28_/QN)
954.  n11490 (driver: pin rf_reg_0__1_/QN)
955.  n11491 (driver: pin rf_reg_4__9_/QN)
956.  n11492 (driver: pin rf_reg_4__17_/QN)
957.  n11493 (driver: pin rf_reg_4__21_/QN)
958.  n11494 (driver: pin rf_reg_4__25_/QN)
959.  n11495 (driver: pin rf_reg_4__26_/QN)
960.  n11496 (driver: pin rf_reg_4__27_/QN)
961.  n11497 (driver: pin rf_reg_4__11_/QN)
962.  n11498 (driver: pin rf_reg_4__23_/QN)
963.  n11499 (driver: pin rf_reg_4__4_/QN)
964.  n11500 (driver: pin rf_reg_4__6_/QN)
965.  n11501 (driver: pin rf_reg_4__18_/QN)
966.  n11502 (driver: pin rf_reg_4__22_/QN)
967.  n11503 (driver: pin rf_reg_4__28_/QN)
968.  n11504 (driver: pin rf_reg_29__1_/QN)
969.  n11505 (driver: pin rf_reg_10__29_/QN)
970.  n11506 (driver: pin rf_reg_15__1_/QN)
971.  n11507 (driver: pin rf_reg_19__1_/QN)
972.  n11508 (driver: pin rf_reg_15__30_/QN)
973.  n11509 (driver: pin rf_reg_22__1_/QN)
974.  n11510 (driver: pin rf_reg_8__0_/QN)
975.  n11511 (driver: pin rf_reg_10__3_/QN)
976.  n11512 (driver: pin rf_reg_10__5_/QN)
977.  n11513 (driver: pin rf_reg_10__15_/QN)
978.  n11514 (driver: pin rf_reg_10__31_/QN)
979.  n11515 (driver: pin rf_reg_10__7_/QN)
980.  n11516 (driver: pin rf_reg_10__13_/QN)
981.  n11517 (driver: pin rf_reg_10__19_/QN)
982.  n11518 (driver: pin rf_reg_10__8_/QN)
983.  n11519 (driver: pin rf_reg_10__2_/QN)
984.  n11520 (driver: pin rf_reg_10__12_/QN)
985.  n11521 (driver: pin rf_reg_10__14_/QN)
986.  n11522 (driver: pin rf_reg_10__20_/QN)
987.  n11523 (driver: pin rf_reg_10__24_/QN)
988.  n11524 (driver: pin rf_reg_10__10_/QN)
989.  n11525 (driver: pin rf_reg_10__16_/QN)
990.  n11526 (driver: pin rf_reg_12__1_/QN)
991.  n11527 (driver: pin rf_reg_10__0_/QN)
992.  n11528 (driver: pin rf_reg_11__1_/QN)
993.  n11529 (driver: pin rf_reg_22__30_/QN)
994.  n11530 (driver: pin rf_reg_12__27_/QN)
995.  n11531 (driver: pin rf_reg_12__29_/QN)
996.  n11532 (driver: pin rf_reg_12__30_/QN)
997.  n11533 (driver: pin rf_reg_22__29_/QN)
998.  n11534 (driver: pin rf_reg_10__1_/QN)
999.  n11535 (driver: pin rf_reg_23__1_/QN)
1000.  n11536 (driver: pin rf_reg_12__11_/QN)
..... suppressed 17667 additional unannotated nets.

****************************************
Report : annotated_parasitics
	-check
	-internal_nets
	-boundary_nets
	-list_not_annotated
	-pin_to_pin_nets
	-max_nets 1000
Design : Rocket
Version: T-2022.03-SP3
Date   : Thu May 29 16:13:38 2025
****************************************

                    |         |         |         |   RC    | Coupled |   Not   |
Net Type            |  Total  | Lumped  |  RC pi  | network | network |Annotated|
--------------------+---------+---------+---------+---------+---------+---------+
Internal nets       |         |         |         |         |         |         |
  - Pin to pin nets |   17809 |       0 |       0 |       0 |       0 |   17809 |
--------------------+---------+---------+---------+---------+---------+---------+
Boundary/port nets  |         |         |         |         |         |         |
  - Pin to pin nets |     858 |       0 |       0 |       0 |       0 |     858 |
--------------------+---------+---------+---------+---------+---------+---------+
                    |   18667 |       0 |       0 |       0 |       0 |   18667 |

